
   FAIL  Tests\Feature\RmdReportTest
  Ô£ô admin can view rmd report page                                                                            0.88s  
  Ô¿» export excel works                                                                                       12.92s  
  Ô¿» export pdf works                                                                                         10.57s  
  ÔöÇÔöÇÔöÇÔöÇÔöÇÔöÇÔöÇÔöÇÔöÇÔöÇÔöÇÔöÇÔöÇÔöÇÔöÇÔöÇÔöÇÔöÇÔöÇÔöÇÔöÇÔöÇÔöÇÔöÇÔöÇÔöÇÔöÇÔöÇÔöÇÔöÇÔöÇÔöÇÔöÇÔöÇÔöÇÔöÇÔöÇÔöÇÔöÇÔöÇÔöÇÔöÇÔöÇÔöÇÔöÇÔöÇÔöÇÔöÇÔöÇÔöÇÔöÇÔöÇÔöÇÔöÇÔöÇÔöÇÔöÇÔöÇÔöÇÔöÇÔöÇÔöÇÔöÇÔöÇÔöÇÔöÇÔöÇÔöÇÔöÇÔöÇÔöÇÔöÇÔöÇÔöÇÔöÇÔöÇÔöÇÔöÇÔöÇÔöÇÔöÇÔöÇÔöÇÔöÇÔöÇÔöÇÔöÇÔöÇÔöÇÔöÇÔöÇÔöÇÔöÇÔöÇÔöÇÔöÇÔöÇÔöÇÔöÇÔöÇÔöÇÔöÇÔöÇÔöÇÔöÇÔöÇÔöÇÔöÇÔöÇÔöÇÔöÇÔöÇÔöÇ  
   FAILED  Tests\Feature\RmdReportTest > export excel works                                                          
  Expected response status code [200] but received 500.
Failed asserting that 500 is identical to 200.

The following exception occurred during the last request:

PDOException: SQLSTATE[HY000]: General error: 1 no such column: rmd_socio_emotionals.user_id in C:\Users\Administrator\OneDrive\Documents\code_pr\child-development-program\vendor\laravel\framework\src\Illuminate\Database\Connection.php:420
Stack trace:
#0 C:\Users\Administrator\OneDrive\Documents\code_pr\child-development-program\vendor\laravel\framework\src\Illuminate\Database\Connection.php(420): PDO->prepare('select * from "...')
#1 C:\Users\Administrator\OneDrive\Documents\code_pr\child-development-program\vendor\laravel\framework\src\Illuminate\Database\Connection.php(827): Illuminate\Database\Connection->{closure:Illuminate\Database\Connection::select():411}('select * from "...', Array)
#2 C:\Users\Administrator\OneDrive\Documents\code_pr\child-development-program\vendor\laravel\framework\src\Illuminate\Database\Connection.php(794): Illuminate\Database\Connection->runQueryCallback('select * from "...', Array, Object(Closure))
#3 C:\Users\Administrator\OneDrive\Documents\code_pr\child-development-program\vendor\laravel\framework\src\Illuminate\Database\Connection.php(411): Illuminate\Database\Connection->run('select * from "...', Array, Object(Closure))
#4 C:\Users\Administrator\OneDrive\Documents\code_pr\child-development-program\vendor\laravel\framework\src\Illuminate\Database\Query\Builder.php(3386): Illuminate\Database\Connection->select('select * from "...', Array, true)
#5 C:\Users\Administrator\OneDrive\Documents\code_pr\child-development-program\vendor\laravel\framework\src\Illuminate\Database\Query\Builder.php(3371): Illuminate\Database\Query\Builder->runSelect()
#6 C:\Users\Administrator\OneDrive\Documents\code_pr\child-development-program\vendor\laravel\framework\src\Illuminate\Database\Query\Builder.php(3961): Illuminate\Database\Query\Builder->{closure:Illuminate\Database\Query\Builder::get():3370}()
#7 C:\Users\Administrator\OneDrive\Documents\code_pr\child-development-program\vendor\laravel\framework\src\Illuminate\Database\Query\Builder.php(3370): Illuminate\Database\Query\Builder->onceWithColumns(Array, Object(Closure))
#8 C:\Users\Administrator\OneDrive\Documents\code_pr\child-development-program\vendor\laravel\framework\src\Illuminate\Database\Eloquent\Builder.php(902): Illuminate\Database\Query\Builder->get(Array)
#9 C:\Users\Administrator\OneDrive\Documents\code_pr\child-development-program\vendor\laravel\framework\src\Illuminate\Database\Eloquent\Builder.php(884): Illuminate\Database\Eloquent\Builder->getModels(Array)
#10 C:\Users\Administrator\OneDrive\Documents\code_pr\child-development-program\vendor\laravel\framework\src\Illuminate\Database\Eloquent\Relations\Relation.php(212): Illuminate\Database\Eloquent\Builder->get(Array)
#11 C:\Users\Administrator\OneDrive\Documents\code_pr\child-development-program\vendor\laravel\framework\src\Illuminate\Database\Eloquent\Relations\Relation.php(175): Illuminate\Database\Eloquent\Relations\Relation->get()
#12 C:\Users\Administrator\OneDrive\Documents\code_pr\child-development-program\vendor\laravel\framework\src\Illuminate\Database\Eloquent\Builder.php(950): Illuminate\Database\Eloquent\Relations\Relation->getEager()
#13 C:\Users\Administrator\OneDrive\Documents\code_pr\child-development-program\vendor\laravel\framework\src\Illuminate\Database\Eloquent\Builder.php(919): Illuminate\Database\Eloquent\Builder->eagerLoadRelation(Array, 'rmdSocioEmotion...', Object(Closure))
#14 C:\Users\Administrator\OneDrive\Documents\code_pr\child-development-program\vendor\laravel\framework\src\Illuminate\Database\Eloquent\Builder.php(885): Illuminate\Database\Eloquent\Builder->eagerLoadRelations(Array)
#15 C:\Users\Administrator\OneDrive\Documents\code_pr\child-development-program\app\Http\Controllers\RmdReportController.php(134): Illuminate\Database\Eloquent\Builder->get()
#16 C:\Users\Administrator\OneDrive\Documents\code_pr\child-development-program\app\Http\Controllers\RmdReportController.php(62): App\Http\Controllers\RmdReportController->getRmdReportData(Object(Illuminate\Http\Request))
#17 C:\Users\Administrator\OneDrive\Documents\code_pr\child-development-program\vendor\laravel\framework\src\Illuminate\Routing\ControllerDispatcher.php(46): App\Http\Controllers\RmdReportController->exportExcel(Object(Illuminate\Http\Request))
#18 C:\Users\Administrator\OneDrive\Documents\code_pr\child-development-program\vendor\laravel\framework\src\Illuminate\Routing\Route.php(265): Illuminate\Routing\ControllerDispatcher->dispatch(Object(Illuminate\Routing\Route), Object(App\Http\Controllers\RmdReportController), 'exportExcel')
#19 C:\Users\Administrator\OneDrive\Documents\code_pr\child-development-program\vendor\laravel\framework\src\Illuminate\Routing\Route.php(211): Illuminate\Routing\Route->runController()
#20 C:\Users\Administrator\OneDrive\Documents\code_pr\child-development-program\vendor\laravel\framework\src\Illuminate\Routing\Router.php(822): Illuminate\Routing\Route->run()
#21 C:\Users\Administrator\OneDrive\Documents\code_pr\child-development-program\vendor\laravel\framework\src\Illuminate\Pipeline\Pipeline.php(180): Illuminate\Routing\Router->{closure:Illuminate\Routing\Router::runRouteWithinStack():821}(Object(Illuminate\Http\Request))
#22 C:\Users\Administrator\OneDrive\Documents\code_pr\child-development-program\app\Http\Middleware\RoleMiddleware.php(22): Illuminate\Pipeline\Pipeline->{closure:Illuminate\Pipeline\Pipeline::prepareDestination():178}(Object(Illuminate\Http\Request))
#23 C:\Users\Administrator\OneDrive\Documents\code_pr\child-development-program\vendor\laravel\framework\src\Illuminate\Pipeline\Pipeline.php(219): App\Http\Middleware\RoleMiddleware->handle(Object(Illuminate\Http\Request), Object(Closure), 'admin')
#24 C:\Users\Administrator\OneDrive\Documents\code_pr\child-development-program\vendor\laravel\framework\src\Illuminate\Auth\Middleware\EnsureEmailIsVerified.php(41): Illuminate\Pipeline\Pipeline->{closure:{closure:Illuminate\Pipeline\Pipeline::carry():194}:195}(Object(Illuminate\Http\Request))
#25 C:\Users\Administrator\OneDrive\Documents\code_pr\child-development-program\vendor\laravel\framework\src\Illuminate\Pipeline\Pipeline.php(219): Illuminate\Auth\Middleware\EnsureEmailIsVerified->handle(Object(Illuminate\Http\Request), Object(Closure))
#26 C:\Users\Administrator\OneDrive\Documents\code_pr\child-development-program\app\Http\Middleware\UpdateLastSeen.php(25): Illuminate\Pipeline\Pipeline->{closure:{closure:Illuminate\Pipeline\Pipeline::carry():194}:195}(Object(Illuminate\Http\Request))
#27 C:\Users\Administrator\OneDrive\Documents\code_pr\child-development-program\vendor\laravel\framework\src\Illuminate\Pipeline\Pipeline.php(219): App\Http\Middleware\UpdateLastSeen->handle(Object(Illuminate\Http\Request), Object(Closure))
#28 C:\Users\Administrator\OneDrive\Documents\code_pr\child-development-program\vendor\laravel\framework\src\Illuminate\Http\Middleware\AddLinkHeadersForPreloadedAssets.php(32): Illuminate\Pipeline\Pipeline->{closure:{closure:Illuminate\Pipeline\Pipeline::carry():194}:195}(Object(Illuminate\Http\Request))
#29 C:\Users\Administrator\OneDrive\Documents\code_pr\child-development-program\vendor\laravel\framework\src\Illuminate\Pipeline\Pipeline.php(219): Illuminate\Http\Middleware\AddLinkHeadersForPreloadedAssets->handle(Object(Illuminate\Http\Request), Object(Closure))
#30 C:\Users\Administrator\OneDrive\Documents\code_pr\child-development-program\vendor\inertiajs\inertia-laravel\src\Middleware.php(122): Illuminate\Pipeline\Pipeline->{closure:{closure:Illuminate\Pipeline\Pipeline::carry():194}:195}(Object(Illuminate\Http\Request))
#31 C:\Users\Administrator\OneDrive\Documents\code_pr\child-development-program\vendor\laravel\framework\src\Illuminate\Pipeline\Pipeline.php(219): Inertia\Middleware->handle(Object(Illuminate\Http\Request), Object(Closure))
#32 C:\Users\Administrator\OneDrive\Documents\code_pr\child-development-program\app\Http\Middleware\SetLocaleMiddleware.php(21): Illuminate\Pipeline\Pipeline->{closure:{closure:Illuminate\Pipeline\Pipeline::carry():194}:195}(Object(Illuminate\Http\Request))
#33 C:\Users\Administrator\OneDrive\Documents\code_pr\child-development-program\vendor\laravel\framework\src\Illuminate\Pipeline\Pipeline.php(219): App\Http\Middleware\SetLocaleMiddleware->handle(Object(Illuminate\Http\Request), Object(Closure))
#34 C:\Users\Administrator\OneDrive\Documents\code_pr\child-development-program\vendor\laravel\framework\src\Illuminate\Routing\Middleware\SubstituteBindings.php(50): Illuminate\Pipeline\Pipeline->{closure:{closure:Illuminate\Pipeline\Pipeline::carry():194}:195}(Object(Illuminate\Http\Request))
#35 C:\Users\Administrator\OneDrive\Documents\code_pr\child-development-program\vendor\laravel\framework\src\Illuminate\Pipeline\Pipeline.php(219): Illuminate\Routing\Middleware\SubstituteBindings->handle(Object(Illuminate\Http\Request), Object(Closure))
#36 C:\Users\Administrator\OneDrive\Documents\code_pr\child-development-program\vendor\laravel\framework\src\Illuminate\Auth\Middleware\Authenticate.php(63): Illuminate\Pipeline\Pipeline->{closure:{closure:Illuminate\Pipeline\Pipeline::carry():194}:195}(Object(Illuminate\Http\Request))
#37 C:\Users\Administrator\OneDrive\Documents\code_pr\child-development-program\vendor\laravel\framework\src\Illuminate\Pipeline\Pipeline.php(219): Illuminate\Auth\Middleware\Authenticate->handle(Object(Illuminate\Http\Request), Object(Closure))
#38 C:\Users\Administrator\OneDrive\Documents\code_pr\child-development-program\vendor\laravel\framework\src\Illuminate\Foundation\Http\Middleware\VerifyCsrfToken.php(87): Illuminate\Pipeline\Pipeline->{closure:{closure:Illuminate\Pipeline\Pipeline::carry():194}:195}(Object(Illuminate\Http\Request))
#39 C:\Users\Administrator\OneDrive\Documents\code_pr\child-development-program\vendor\laravel\framework\src\Illuminate\Pipeline\Pipeline.php(219): Illuminate\Foundation\Http\Middleware\VerifyCsrfToken->handle(Object(Illuminate\Http\Request), Object(Closure))
#40 C:\Users\Administrator\OneDrive\Documents\code_pr\child-development-program\vendor\laravel\framework\src\Illuminate\View\Middleware\ShareErrorsFromSession.php(48): Illuminate\Pipeline\Pipeline->{closure:{closure:Illuminate\Pipeline\Pipeline::carry():194}:195}(Object(Illuminate\Http\Request))
#41 C:\Users\Administrator\OneDrive\Documents\code_pr\child-development-program\vendor\laravel\framework\src\Illuminate\Pipeline\Pipeline.php(219): Illuminate\View\Middleware\ShareErrorsFromSession->handle(Object(Illuminate\Http\Request), Object(Closure))
#42 C:\Users\Administrator\OneDrive\Documents\code_pr\child-development-program\vendor\laravel\framework\src\Illuminate\Session\Middleware\StartSession.php(120): Illuminate\Pipeline\Pipeline->{closure:{closure:Illuminate\Pipeline\Pipeline::carry():194}:195}(Object(Illuminate\Http\Request))
#43 C:\Users\Administrator\OneDrive\Documents\code_pr\child-development-program\vendor\laravel\framework\src\Illuminate\Session\Middleware\StartSession.php(63): Illuminate\Session\Middleware\StartSession->handleStatefulRequest(Object(Illuminate\Http\Request), Object(Illuminate\Session\Store), Object(Closure))
#44 C:\Users\Administrator\OneDrive\Documents\code_pr\child-development-program\vendor\laravel\framework\src\Illuminate\Pipeline\Pipeline.php(219): Illuminate\Session\Middleware\StartSession->handle(Object(Illuminate\Http\Request), Object(Closure))
#45 C:\Users\Administrator\OneDrive\Documents\code_pr\child-development-program\vendor\laravel\framework\src\Illuminate\Cookie\Middleware\AddQueuedCookiesToResponse.php(36): Illuminate\Pipeline\Pipeline->{closure:{closure:Illuminate\Pipeline\Pipeline::carry():194}:195}(Object(Illuminate\Http\Request))
#46 C:\Users\Administrator\OneDrive\Documents\code_pr\child-development-program\vendor\laravel\framework\src\Illuminate\Pipeline\Pipeline.php(219): Illuminate\Cookie\Middleware\AddQueuedCookiesToResponse->handle(Object(Illuminate\Http\Request), Object(Closure))
#47 C:\Users\Administrator\OneDrive\Documents\code_pr\child-development-program\vendor\laravel\framework\src\Illuminate\Cookie\Middleware\EncryptCookies.php(74): Illuminate\Pipeline\Pipeline->{closure:{closure:Illuminate\Pipeline\Pipeline::carry():194}:195}(Object(Illuminate\Http\Request))
#48 C:\Users\Administrator\OneDrive\Documents\code_pr\child-development-program\vendor\laravel\framework\src\Illuminate\Pipeline\Pipeline.php(219): Illuminate\Cookie\Middleware\EncryptCookies->handle(Object(Illuminate\Http\Request), Object(Closure))
#49 C:\Users\Administrator\OneDrive\Documents\code_pr\child-development-program\vendor\laravel\framework\src\Illuminate\Pipeline\Pipeline.php(137): Illuminate\Pipeline\Pipeline->{closure:{closure:Illuminate\Pipeline\Pipeline::carry():194}:195}(Object(Illuminate\Http\Request))
#50 C:\Users\Administrator\OneDrive\Documents\code_pr\child-development-program\vendor\laravel\framework\src\Illuminate\Routing\Router.php(821): Illuminate\Pipeline\Pipeline->then(Object(Closure))
#51 C:\Users\Administrator\OneDrive\Documents\code_pr\child-development-program\vendor\laravel\framework\src\Illuminate\Routing\Router.php(800): Illuminate\Routing\Router->runRouteWithinStack(Object(Illuminate\Routing\Route), Object(Illuminate\Http\Request))
#52 C:\Users\Administrator\OneDrive\Documents\code_pr\child-development-program\vendor\laravel\framework\src\Illuminate\Routing\Router.php(764): Illuminate\Routing\Router->runRoute(Object(Illuminate\Http\Request), Object(Illuminate\Routing\Route))
#53 C:\Users\Administrator\OneDrive\Documents\code_pr\child-development-program\vendor\laravel\framework\src\Illuminate\Routing\Router.php(753): Illuminate\Routing\Router->dispatchToRoute(Object(Illuminate\Http\Request))
#54 C:\Users\Administrator\OneDrive\Documents\code_pr\child-development-program\vendor\laravel\framework\src\Illuminate\Foundation\Http\Kernel.php(200): Illuminate\Routing\Router->dispatch(Object(Illuminate\Http\Request))
#55 C:\Users\Administrator\OneDrive\Documents\code_pr\child-development-program\vendor\laravel\framework\src\Illuminate\Pipeline\Pipeline.php(180): Illuminate\Foundation\Http\Kernel->{closure:Illuminate\Foundation\Http\Kernel::dispatchToRouter():197}(Object(Illuminate\Http\Request))
#56 C:\Users\Administrator\OneDrive\Documents\code_pr\child-development-program\vendor\laravel\framework\src\Illuminate\Foundation\Http\Middleware\TransformsRequest.php(21): Illuminate\Pipeline\Pipeline->{closure:Illuminate\Pipeline\Pipeline::prepareDestination():178}(Object(Illuminate\Http\Request))
#57 C:\Users\Administrator\OneDrive\Documents\code_pr\child-development-program\vendor\laravel\framework\src\Illuminate\Foundation\Http\Middleware\ConvertEmptyStringsToNull.php(31): Illuminate\Foundation\Http\Middleware\TransformsRequest->handle(Object(Illuminate\Http\Request), Object(Closure))
#58 C:\Users\Administrator\OneDrive\Documents\code_pr\child-development-program\vendor\laravel\framework\src\Illuminate\Pipeline\Pipeline.php(219): Illuminate\Foundation\Http\Middleware\ConvertEmptyStringsToNull->handle(Object(Illuminate\Http\Request), Object(Closure))
#59 C:\Users\Administrator\OneDrive\Documents\code_pr\child-development-program\vendor\laravel\framework\src\Illuminate\Foundation\Http\Middleware\TransformsRequest.php(21): Illuminate\Pipeline\Pipeline->{closure:{closure:Illuminate\Pipeline\Pipeline::carry():194}:195}(Object(Illuminate\Http\Request))
#60 C:\Users\Administrator\OneDrive\Documents\code_pr\child-development-program\vendor\laravel\framework\src\Illuminate\Foundation\Http\Middleware\TrimStrings.php(51): Illuminate\Foundation\Http\Middleware\TransformsRequest->handle(Object(Illuminate\Http\Request), Object(Closure))
#61 C:\Users\Administrator\OneDrive\Documents\code_pr\child-development-program\vendor\laravel\framework\src\Illuminate\Pipeline\Pipeline.php(219): Illuminate\Foundation\Http\Middleware\TrimStrings->handle(Object(Illuminate\Http\Request), Object(Closure))
#62 C:\Users\Administrator\OneDrive\Documents\code_pr\child-development-program\vendor\laravel\framework\src\Illuminate\Http\Middleware\ValidatePostSize.php(27): Illuminate\Pipeline\Pipeline->{closure:{closure:Illuminate\Pipeline\Pipeline::carry():194}:195}(Object(Illuminate\Http\Request))
#63 C:\Users\Administrator\OneDrive\Documents\code_pr\child-development-program\vendor\laravel\framework\src\Illuminate\Pipeline\Pipeline.php(219): Illuminate\Http\Middleware\ValidatePostSize->handle(Object(Illuminate\Http\Request), Object(Closure))
#64 C:\Users\Administrator\OneDrive\Documents\code_pr\child-development-program\vendor\laravel\framework\src\Illuminate\Foundation\Http\Middleware\PreventRequestsDuringMaintenance.php(109): Illuminate\Pipeline\Pipeline->{closure:{closure:Illuminate\Pipeline\Pipeline::carry():194}:195}(Object(Illuminate\Http\Request))
#65 C:\Users\Administrator\OneDrive\Documents\code_pr\child-development-program\vendor\laravel\framework\src\Illuminate\Pipeline\Pipeline.php(219): Illuminate\Foundation\Http\Middleware\PreventRequestsDuringMaintenance->handle(Object(Illuminate\Http\Request), Object(Closure))
#66 C:\Users\Administrator\OneDrive\Documents\code_pr\child-development-program\vendor\laravel\framework\src\Illuminate\Http\Middleware\HandleCors.php(61): Illuminate\Pipeline\Pipeline->{closure:{closure:Illuminate\Pipeline\Pipeline::carry():194}:195}(Object(Illuminate\Http\Request))
#67 C:\Users\Administrator\OneDrive\Documents\code_pr\child-development-program\vendor\laravel\framework\src\Illuminate\Pipeline\Pipeline.php(219): Illuminate\Http\Middleware\HandleCors->handle(Object(Illuminate\Http\Request), Object(Closure))
#68 C:\Users\Administrator\OneDrive\Documents\code_pr\child-development-program\vendor\laravel\framework\src\Illuminate\Http\Middleware\TrustProxies.php(58): Illuminate\Pipeline\Pipeline->{closure:{closure:Illuminate\Pipeline\Pipeline::carry():194}:195}(Object(Illuminate\Http\Request))
#69 C:\Users\Administrator\OneDrive\Documents\code_pr\child-development-program\vendor\laravel\framework\src\Illuminate\Pipeline\Pipeline.php(219): Illuminate\Http\Middleware\TrustProxies->handle(Object(Illuminate\Http\Request), Object(Closure))
#70 C:\Users\Administrator\OneDrive\Documents\code_pr\child-development-program\vendor\laravel\framework\src\Illuminate\Foundation\Http\Middleware\InvokeDeferredCallbacks.php(22): Illuminate\Pipeline\Pipeline->{closure:{closure:Illuminate\Pipeline\Pipeline::carry():194}:195}(Object(Illuminate\Http\Request))
#71 C:\Users\Administrator\OneDrive\Documents\code_pr\child-development-program\vendor\laravel\framework\src\Illuminate\Pipeline\Pipeline.php(219): Illuminate\Foundation\Http\Middleware\InvokeDeferredCallbacks->handle(Object(Illuminate\Http\Request), Object(Closure))
#72 C:\Users\Administrator\OneDrive\Documents\code_pr\child-development-program\vendor\laravel\framework\src\Illuminate\Http\Middleware\ValidatePathEncoding.php(26): Illuminate\Pipeline\Pipeline->{closure:{closure:Illuminate\Pipeline\Pipeline::carry():194}:195}(Object(Illuminate\Http\Request))
#73 C:\Users\Administrator\OneDrive\Documents\code_pr\child-development-program\vendor\laravel\framework\src\Illuminate\Pipeline\Pipeline.php(219): Illuminate\Http\Middleware\ValidatePathEncoding->handle(Object(Illuminate\Http\Request), Object(Closure))
#74 C:\Users\Administrator\OneDrive\Documents\code_pr\child-development-program\vendor\laravel\framework\src\Illuminate\Pipeline\Pipeline.php(137): Illuminate\Pipeline\Pipeline->{closure:{closure:Illuminate\Pipeline\Pipeline::carry():194}:195}(Object(Illuminate\Http\Request))
#75 C:\Users\Administrator\OneDrive\Documents\code_pr\child-development-program\vendor\laravel\framework\src\Illuminate\Foundation\Http\Kernel.php(175): Illuminate\Pipeline\Pipeline->then(Object(Closure))
#76 C:\Users\Administrator\OneDrive\Documents\code_pr\child-development-program\vendor\laravel\framework\src\Illuminate\Foundation\Http\Kernel.php(144): Illuminate\Foundation\Http\Kernel->sendRequestThroughRouter(Object(Illuminate\Http\Request))
#77 C:\Users\Administrator\OneDrive\Documents\code_pr\child-development-program\vendor\laravel\framework\src\Illuminate\Foundation\Testing\Concerns\MakesHttpRequests.php(607): Illuminate\Foundation\Http\Kernel->handle(Object(Illuminate\Http\Request))
#78 C:\Users\Administrator\OneDrive\Documents\code_pr\child-development-program\vendor\laravel\framework\src\Illuminate\Foundation\Testing\Concerns\MakesHttpRequests.php(368): Illuminate\Foundation\Testing\TestCase->call('GET', 'http://localhos...', Array, Array, Array, Array)
#79 C:\Users\Administrator\OneDrive\Documents\code_pr\child-development-program\tests\Feature\RmdReportTest.php(35): Illuminate\Foundation\Testing\TestCase->get('http://localhos...')
#80 C:\Users\Administrator\OneDrive\Documents\code_pr\child-development-program\vendor\phpunit\phpunit\src\Framework\TestCase.php(1667): Tests\Feature\RmdReportTest->test_export_excel_works()
#81 C:\Users\Administrator\OneDrive\Documents\code_pr\child-development-program\vendor\phpunit\phpunit\src\Framework\TestCase.php(519): PHPUnit\Framework\TestCase->runTest()
#82 C:\Users\Administrator\OneDrive\Documents\code_pr\child-development-program\vendor\phpunit\phpunit\src\Framework\TestRunner\TestRunner.php(87): PHPUnit\Framework\TestCase->runBare()
#83 C:\Users\Administrator\OneDrive\Documents\code_pr\child-development-program\vendor\phpunit\phpunit\src\Framework\TestCase.php(365): PHPUnit\Framework\TestRunner->run(Object(Tests\Feature\RmdReportTest))
#84 C:\Users\Administrator\OneDrive\Documents\code_pr\child-development-program\vendor\phpunit\phpunit\src\Framework\TestSuite.php(369): PHPUnit\Framework\TestCase->run()
#85 C:\Users\Administrator\OneDrive\Documents\code_pr\child-development-program\vendor\phpunit\phpunit\src\TextUI\TestRunner.php(64): PHPUnit\Framework\TestSuite->run()
#86 C:\Users\Administrator\OneDrive\Documents\code_pr\child-development-program\vendor\phpunit\phpunit\src\TextUI\Application.php(211): PHPUnit\TextUI\TestRunner->run(Object(PHPUnit\TextUI\Configuration\Configuration), Object(PHPUnit\Runner\ResultCache\DefaultResultCache), Object(PHPUnit\Framework\TestSuite))
#87 C:\Users\Administrator\OneDrive\Documents\code_pr\child-development-program\vendor\phpunit\phpunit\phpunit(104): PHPUnit\TextUI\Application->run(Array)
#88 {main}

Next Illuminate\Database\QueryException: SQLSTATE[HY000]: General error: 1 no such column: rmd_socio_emotionals.user_id (Connection: sqlite, Database: :memory:, SQL: select * from "rmd_socio_emotionals" where "rmd_socio_emotionals"."user_id" in (2)) in C:\Users\Administrator\OneDrive\Documents\code_pr\child-development-program\vendor\laravel\framework\src\Illuminate\Database\Connection.php:838
Stack trace:
#0 C:\Users\Administrator\OneDrive\Documents\code_pr\child-development-program\vendor\laravel\framework\src\Illuminate\Database\Connection.php(794): Illuminate\Database\Connection->runQueryCallback('select * from "...', Array, Object(Closure))
#1 C:\Users\Administrator\OneDrive\Documents\code_pr\child-development-program\vendor\laravel\framework\src\Illuminate\Database\Connection.php(411): Illuminate\Database\Connection->run('select * from "...', Array, Object(Closure))
#2 C:\Users\Administrator\OneDrive\Documents\code_pr\child-development-program\vendor\laravel\framework\src\Illuminate\Database\Query\Builder.php(3386): Illuminate\Database\Connection->select('select * from "...', Array, true)
#3 C:\Users\Administrator\OneDrive\Documents\code_pr\child-development-program\vendor\laravel\framework\src\Illuminate\Database\Query\Builder.php(3371): Illuminate\Database\Query\Builder->runSelect()
#4 C:\Users\Administrator\OneDrive\Documents\code_pr\child-development-program\vendor\laravel\framework\src\Illuminate\Database\Query\Builder.php(3961): Illuminate\Database\Query\Builder->{closure:Illuminate\Database\Query\Builder::get():3370}()
#5 C:\Users\Administrator\OneDrive\Documents\code_pr\child-development-program\vendor\laravel\framework\src\Illuminate\Database\Query\Builder.php(3370): Illuminate\Database\Query\Builder->onceWithColumns(Array, Object(Closure))
#6 C:\Users\Administrator\OneDrive\Documents\code_pr\child-development-program\vendor\laravel\framework\src\Illuminate\Database\Eloquent\Builder.php(902): Illuminate\Database\Query\Builder->get(Array)
#7 C:\Users\Administrator\OneDrive\Documents\code_pr\child-development-program\vendor\laravel\framework\src\Illuminate\Database\Eloquent\Builder.php(884): Illuminate\Database\Eloquent\Builder->getModels(Array)
#8 C:\Users\Administrator\OneDrive\Documents\code_pr\child-development-program\vendor\laravel\framework\src\Illuminate\Database\Eloquent\Relations\Relation.php(212): Illuminate\Database\Eloquent\Builder->get(Array)
#9 C:\Users\Administrator\OneDrive\Documents\code_pr\child-development-program\vendor\laravel\framework\src\Illuminate\Database\Eloquent\Relations\Relation.php(175): Illuminate\Database\Eloquent\Relations\Relation->get()
#10 C:\Users\Administrator\OneDrive\Documents\code_pr\child-development-program\vendor\laravel\framework\src\Illuminate\Database\Eloquent\Builder.php(950): Illuminate\Database\Eloquent\Relations\Relation->getEager()
#11 C:\Users\Administrator\OneDrive\Documents\code_pr\child-development-program\vendor\laravel\framework\src\Illuminate\Database\Eloquent\Builder.php(919): Illuminate\Database\Eloquent\Builder->eagerLoadRelation(Array, 'rmdSocioEmotion...', Object(Closure))
#12 C:\Users\Administrator\OneDrive\Documents\code_pr\child-development-program\vendor\laravel\framework\src\Illuminate\Database\Eloquent\Builder.php(885): Illuminate\Database\Eloquent\Builder->eagerLoadRelations(Array)
#13 C:\Users\Administrator\OneDrive\Documents\code_pr\child-development-program\app\Http\Controllers\RmdReportController.php(134): Illuminate\Database\Eloquent\Builder->get()
#14 C:\Users\Administrator\OneDrive\Documents\code_pr\child-development-program\app\Http\Controllers\RmdReportController.php(62): App\Http\Controllers\RmdReportController->getRmdReportData(Object(Illuminate\Http\Request))
#15 C:\Users\Administrator\OneDrive\Documents\code_pr\child-development-program\vendor\laravel\framework\src\Illuminate\Routing\ControllerDispatcher.php(46): App\Http\Controllers\RmdReportController->exportExcel(Object(Illuminate\Http\Request))
#16 C:\Users\Administrator\OneDrive\Documents\code_pr\child-development-program\vendor\laravel\framework\src\Illuminate\Routing\Route.php(265): Illuminate\Routing\ControllerDispatcher->dispatch(Object(Illuminate\Routing\Route), Object(App\Http\Controllers\RmdReportController), 'exportExcel')
#17 C:\Users\Administrator\OneDrive\Documents\code_pr\child-development-program\vendor\laravel\framework\src\Illuminate\Routing\Route.php(211): Illuminate\Routing\Route->runController()
#18 C:\Users\Administrator\OneDrive\Documents\code_pr\child-development-program\vendor\laravel\framework\src\Illuminate\Routing\Router.php(822): Illuminate\Routing\Route->run()
#19 C:\Users\Administrator\OneDrive\Documents\code_pr\child-development-program\vendor\laravel\framework\src\Illuminate\Pipeline\Pipeline.php(180): Illuminate\Routing\Router->{closure:Illuminate\Routing\Router::runRouteWithinStack():821}(Object(Illuminate\Http\Request))
#20 C:\Users\Administrator\OneDrive\Documents\code_pr\child-development-program\app\Http\Middleware\RoleMiddleware.php(22): Illuminate\Pipeline\Pipeline->{closure:Illuminate\Pipeline\Pipeline::prepareDestination():178}(Object(Illuminate\Http\Request))
#21 C:\Users\Administrator\OneDrive\Documents\code_pr\child-development-program\vendor\laravel\framework\src\Illuminate\Pipeline\Pipeline.php(219): App\Http\Middleware\RoleMiddleware->handle(Object(Illuminate\Http\Request), Object(Closure), 'admin')
#22 C:\Users\Administrator\OneDrive\Documents\code_pr\child-development-program\vendor\laravel\framework\src\Illuminate\Auth\Middleware\EnsureEmailIsVerified.php(41): Illuminate\Pipeline\Pipeline->{closure:{closure:Illuminate\Pipeline\Pipeline::carry():194}:195}(Object(Illuminate\Http\Request))
#23 C:\Users\Administrator\OneDrive\Documents\code_pr\child-development-program\vendor\laravel\framework\src\Illuminate\Pipeline\Pipeline.php(219): Illuminate\Auth\Middleware\EnsureEmailIsVerified->handle(Object(Illuminate\Http\Request), Object(Closure))
#24 C:\Users\Administrator\OneDrive\Documents\code_pr\child-development-program\app\Http\Middleware\UpdateLastSeen.php(25): Illuminate\Pipeline\Pipeline->{closure:{closure:Illuminate\Pipeline\Pipeline::carry():194}:195}(Object(Illuminate\Http\Request))
#25 C:\Users\Administrator\OneDrive\Documents\code_pr\child-development-program\vendor\laravel\framework\src\Illuminate\Pipeline\Pipeline.php(219): App\Http\Middleware\UpdateLastSeen->handle(Object(Illuminate\Http\Request), Object(Closure))
#26 C:\Users\Administrator\OneDrive\Documents\code_pr\child-development-program\vendor\laravel\framework\src\Illuminate\Http\Middleware\AddLinkHeadersForPreloadedAssets.php(32): Illuminate\Pipeline\Pipeline->{closure:{closure:Illuminate\Pipeline\Pipeline::carry():194}:195}(Object(Illuminate\Http\Request))
#27 C:\Users\Administrator\OneDrive\Documents\code_pr\child-development-program\vendor\laravel\framework\src\Illuminate\Pipeline\Pipeline.php(219): Illuminate\Http\Middleware\AddLinkHeadersForPreloadedAssets->handle(Object(Illuminate\Http\Request), Object(Closure))
#28 C:\Users\Administrator\OneDrive\Documents\code_pr\child-development-program\vendor\inertiajs\inertia-laravel\src\Middleware.php(122): Illuminate\Pipeline\Pipeline->{closure:{closure:Illuminate\Pipeline\Pipeline::carry():194}:195}(Object(Illuminate\Http\Request))
#29 C:\Users\Administrator\OneDrive\Documents\code_pr\child-development-program\vendor\laravel\framework\src\Illuminate\Pipeline\Pipeline.php(219): Inertia\Middleware->handle(Object(Illuminate\Http\Request), Object(Closure))
#30 C:\Users\Administrator\OneDrive\Documents\code_pr\child-development-program\app\Http\Middleware\SetLocaleMiddleware.php(21): Illuminate\Pipeline\Pipeline->{closure:{closure:Illuminate\Pipeline\Pipeline::carry():194}:195}(Object(Illuminate\Http\Request))
#31 C:\Users\Administrator\OneDrive\Documents\code_pr\child-development-program\vendor\laravel\framework\src\Illuminate\Pipeline\Pipeline.php(219): App\Http\Middleware\SetLocaleMiddleware->handle(Object(Illuminate\Http\Request), Object(Closure))
#32 C:\Users\Administrator\OneDrive\Documents\code_pr\child-development-program\vendor\laravel\framework\src\Illuminate\Routing\Middleware\SubstituteBindings.php(50): Illuminate\Pipeline\Pipeline->{closure:{closure:Illuminate\Pipeline\Pipeline::carry():194}:195}(Object(Illuminate\Http\Request))
#33 C:\Users\Administrator\OneDrive\Documents\code_pr\child-development-program\vendor\laravel\framework\src\Illuminate\Pipeline\Pipeline.php(219): Illuminate\Routing\Middleware\SubstituteBindings->handle(Object(Illuminate\Http\Request), Object(Closure))
#34 C:\Users\Administrator\OneDrive\Documents\code_pr\child-development-program\vendor\laravel\framework\src\Illuminate\Auth\Middleware\Authenticate.php(63): Illuminate\Pipeline\Pipeline->{closure:{closure:Illuminate\Pipeline\Pipeline::carry():194}:195}(Object(Illuminate\Http\Request))
#35 C:\Users\Administrator\OneDrive\Documents\code_pr\child-development-program\vendor\laravel\framework\src\Illuminate\Pipeline\Pipeline.php(219): Illuminate\Auth\Middleware\Authenticate->handle(Object(Illuminate\Http\Request), Object(Closure))
#36 C:\Users\Administrator\OneDrive\Documents\code_pr\child-development-program\vendor\laravel\framework\src\Illuminate\Foundation\Http\Middleware\VerifyCsrfToken.php(87): Illuminate\Pipeline\Pipeline->{closure:{closure:Illuminate\Pipeline\Pipeline::carry():194}:195}(Object(Illuminate\Http\Request))
#37 C:\Users\Administrator\OneDrive\Documents\code_pr\child-development-program\vendor\laravel\framework\src\Illuminate\Pipeline\Pipeline.php(219): Illuminate\Foundation\Http\Middleware\VerifyCsrfToken->handle(Object(Illuminate\Http\Request), Object(Closure))
#38 C:\Users\Administrator\OneDrive\Documents\code_pr\child-development-program\vendor\laravel\framework\src\Illuminate\View\Middleware\ShareErrorsFromSession.php(48): Illuminate\Pipeline\Pipeline->{closure:{closure:Illuminate\Pipeline\Pipeline::carry():194}:195}(Object(Illuminate\Http\Request))
#39 C:\Users\Administrator\OneDrive\Documents\code_pr\child-development-program\vendor\laravel\framework\src\Illuminate\Pipeline\Pipeline.php(219): Illuminate\View\Middleware\ShareErrorsFromSession->handle(Object(Illuminate\Http\Request), Object(Closure))
#40 C:\Users\Administrator\OneDrive\Documents\code_pr\child-development-program\vendor\laravel\framework\src\Illuminate\Session\Middleware\StartSession.php(120): Illuminate\Pipeline\Pipeline->{closure:{closure:Illuminate\Pipeline\Pipeline::carry():194}:195}(Object(Illuminate\Http\Request))
#41 C:\Users\Administrator\OneDrive\Documents\code_pr\child-development-program\vendor\laravel\framework\src\Illuminate\Session\Middleware\StartSession.php(63): Illuminate\Session\Middleware\StartSession->handleStatefulRequest(Object(Illuminate\Http\Request), Object(Illuminate\Session\Store), Object(Closure))
#42 C:\Users\Administrator\OneDrive\Documents\code_pr\child-development-program\vendor\laravel\framework\src\Illuminate\Pipeline\Pipeline.php(219): Illuminate\Session\Middleware\StartSession->handle(Object(Illuminate\Http\Request), Object(Closure))
#43 C:\Users\Administrator\OneDrive\Documents\code_pr\child-development-program\vendor\laravel\framework\src\Illuminate\Cookie\Middleware\AddQueuedCookiesToResponse.php(36): Illuminate\Pipeline\Pipeline->{closure:{closure:Illuminate\Pipeline\Pipeline::carry():194}:195}(Object(Illuminate\Http\Request))
#44 C:\Users\Administrator\OneDrive\Documents\code_pr\child-development-program\vendor\laravel\framework\src\Illuminate\Pipeline\Pipeline.php(219): Illuminate\Cookie\Middleware\AddQueuedCookiesToResponse->handle(Object(Illuminate\Http\Request), Object(Closure))
#45 C:\Users\Administrator\OneDrive\Documents\code_pr\child-development-program\vendor\laravel\framework\src\Illuminate\Cookie\Middleware\EncryptCookies.php(74): Illuminate\Pipeline\Pipeline->{closure:{closure:Illuminate\Pipeline\Pipeline::carry():194}:195}(Object(Illuminate\Http\Request))
#46 C:\Users\Administrator\OneDrive\Documents\code_pr\child-development-program\vendor\laravel\framework\src\Illuminate\Pipeline\Pipeline.php(219): Illuminate\Cookie\Middleware\EncryptCookies->handle(Object(Illuminate\Http\Request), Object(Closure))
#47 C:\Users\Administrator\OneDrive\Documents\code_pr\child-development-program\vendor\laravel\framework\src\Illuminate\Pipeline\Pipeline.php(137): Illuminate\Pipeline\Pipeline->{closure:{closure:Illuminate\Pipeline\Pipeline::carry():194}:195}(Object(Illuminate\Http\Request))
#48 C:\Users\Administrator\OneDrive\Documents\code_pr\child-development-program\vendor\laravel\framework\src\Illuminate\Routing\Router.php(821): Illuminate\Pipeline\Pipeline->then(Object(Closure))
#49 C:\Users\Administrator\OneDrive\Documents\code_pr\child-development-program\vendor\laravel\framework\src\Illuminate\Routing\Router.php(800): Illuminate\Routing\Router->runRouteWithinStack(Object(Illuminate\Routing\Route), Object(Illuminate\Http\Request))
#50 C:\Users\Administrator\OneDrive\Documents\code_pr\child-development-program\vendor\laravel\framework\src\Illuminate\Routing\Router.php(764): Illuminate\Routing\Router->runRoute(Object(Illuminate\Http\Request), Object(Illuminate\Routing\Route))
#51 C:\Users\Administrator\OneDrive\Documents\code_pr\child-development-program\vendor\laravel\framework\src\Illuminate\Routing\Router.php(753): Illuminate\Routing\Router->dispatchToRoute(Object(Illuminate\Http\Request))
#52 C:\Users\Administrator\OneDrive\Documents\code_pr\child-development-program\vendor\laravel\framework\src\Illuminate\Foundation\Http\Kernel.php(200): Illuminate\Routing\Router->dispatch(Object(Illuminate\Http\Request))
#53 C:\Users\Administrator\OneDrive\Documents\code_pr\child-development-program\vendor\laravel\framework\src\Illuminate\Pipeline\Pipeline.php(180): Illuminate\Foundation\Http\Kernel->{closure:Illuminate\Foundation\Http\Kernel::dispatchToRouter():197}(Object(Illuminate\Http\Request))
#54 C:\Users\Administrator\OneDrive\Documents\code_pr\child-development-program\vendor\laravel\framework\src\Illuminate\Foundation\Http\Middleware\TransformsRequest.php(21): Illuminate\Pipeline\Pipeline->{closure:Illuminate\Pipeline\Pipeline::prepareDestination():178}(Object(Illuminate\Http\Request))
#55 C:\Users\Administrator\OneDrive\Documents\code_pr\child-development-program\vendor\laravel\framework\src\Illuminate\Foundation\Http\Middleware\ConvertEmptyStringsToNull.php(31): Illuminate\Foundation\Http\Middleware\TransformsRequest->handle(Object(Illuminate\Http\Request), Object(Closure))
#56 C:\Users\Administrator\OneDrive\Documents\code_pr\child-development-program\vendor\laravel\framework\src\Illuminate\Pipeline\Pipeline.php(219): Illuminate\Foundation\Http\Middleware\ConvertEmptyStringsToNull->handle(Object(Illuminate\Http\Request), Object(Closure))
#57 C:\Users\Administrator\OneDrive\Documents\code_pr\child-development-program\vendor\laravel\framework\src\Illuminate\Foundation\Http\Middleware\TransformsRequest.php(21): Illuminate\Pipeline\Pipeline->{closure:{closure:Illuminate\Pipeline\Pipeline::carry():194}:195}(Object(Illuminate\Http\Request))
#58 C:\Users\Administrator\OneDrive\Documents\code_pr\child-development-program\vendor\laravel\framework\src\Illuminate\Foundation\Http\Middleware\TrimStrings.php(51): Illuminate\Foundation\Http\Middleware\TransformsRequest->handle(Object(Illuminate\Http\Request), Object(Closure))
#59 C:\Users\Administrator\OneDrive\Documents\code_pr\child-development-program\vendor\laravel\framework\src\Illuminate\Pipeline\Pipeline.php(219): Illuminate\Foundation\Http\Middleware\TrimStrings->handle(Object(Illuminate\Http\Request), Object(Closure))
#60 C:\Users\Administrator\OneDrive\Documents\code_pr\child-development-program\vendor\laravel\framework\src\Illuminate\Http\Middleware\ValidatePostSize.php(27): Illuminate\Pipeline\Pipeline->{closure:{closure:Illuminate\Pipeline\Pipeline::carry():194}:195}(Object(Illuminate\Http\Request))
#61 C:\Users\Administrator\OneDrive\Documents\code_pr\child-development-program\vendor\laravel\framework\src\Illuminate\Pipeline\Pipeline.php(219): Illuminate\Http\Middleware\ValidatePostSize->handle(Object(Illuminate\Http\Request), Object(Closure))
#62 C:\Users\Administrator\OneDrive\Documents\code_pr\child-development-program\vendor\laravel\framework\src\Illuminate\Foundation\Http\Middleware\PreventRequestsDuringMaintenance.php(109): Illuminate\Pipeline\Pipeline->{closure:{closure:Illuminate\Pipeline\Pipeline::carry():194}:195}(Object(Illuminate\Http\Request))
#63 C:\Users\Administrator\OneDrive\Documents\code_pr\child-development-program\vendor\laravel\framework\src\Illuminate\Pipeline\Pipeline.php(219): Illuminate\Foundation\Http\Middleware\PreventRequestsDuringMaintenance->handle(Object(Illuminate\Http\Request), Object(Closure))
#64 C:\Users\Administrator\OneDrive\Documents\code_pr\child-development-program\vendor\laravel\framework\src\Illuminate\Http\Middleware\HandleCors.php(61): Illuminate\Pipeline\Pipeline->{closure:{closure:Illuminate\Pipeline\Pipeline::carry():194}:195}(Object(Illuminate\Http\Request))
#65 C:\Users\Administrator\OneDrive\Documents\code_pr\child-development-program\vendor\laravel\framework\src\Illuminate\Pipeline\Pipeline.php(219): Illuminate\Http\Middleware\HandleCors->handle(Object(Illuminate\Http\Request), Object(Closure))
#66 C:\Users\Administrator\OneDrive\Documents\code_pr\child-development-program\vendor\laravel\framework\src\Illuminate\Http\Middleware\TrustProxies.php(58): Illuminate\Pipeline\Pipeline->{closure:{closure:Illuminate\Pipeline\Pipeline::carry():194}:195}(Object(Illuminate\Http\Request))
#67 C:\Users\Administrator\OneDrive\Documents\code_pr\child-development-program\vendor\laravel\framework\src\Illuminate\Pipeline\Pipeline.php(219): Illuminate\Http\Middleware\TrustProxies->handle(Object(Illuminate\Http\Request), Object(Closure))
#68 C:\Users\Administrator\OneDrive\Documents\code_pr\child-development-program\vendor\laravel\framework\src\Illuminate\Foundation\Http\Middleware\InvokeDeferredCallbacks.php(22): Illuminate\Pipeline\Pipeline->{closure:{closure:Illuminate\Pipeline\Pipeline::carry():194}:195}(Object(Illuminate\Http\Request))
#69 C:\Users\Administrator\OneDrive\Documents\code_pr\child-development-program\vendor\laravel\framework\src\Illuminate\Pipeline\Pipeline.php(219): Illuminate\Foundation\Http\Middleware\InvokeDeferredCallbacks->handle(Object(Illuminate\Http\Request), Object(Closure))
#70 C:\Users\Administrator\OneDrive\Documents\code_pr\child-development-program\vendor\laravel\framework\src\Illuminate\Http\Middleware\ValidatePathEncoding.php(26): Illuminate\Pipeline\Pipeline->{closure:{closure:Illuminate\Pipeline\Pipeline::carry():194}:195}(Object(Illuminate\Http\Request))
#71 C:\Users\Administrator\OneDrive\Documents\code_pr\child-development-program\vendor\laravel\framework\src\Illuminate\Pipeline\Pipeline.php(219): Illuminate\Http\Middleware\ValidatePathEncoding->handle(Object(Illuminate\Http\Request), Object(Closure))
#72 C:\Users\Administrator\OneDrive\Documents\code_pr\child-development-program\vendor\laravel\framework\src\Illuminate\Pipeline\Pipeline.php(137): Illuminate\Pipeline\Pipeline->{closure:{closure:Illuminate\Pipeline\Pipeline::carry():194}:195}(Object(Illuminate\Http\Request))
#73 C:\Users\Administrator\OneDrive\Documents\code_pr\child-development-program\vendor\laravel\framework\src\Illuminate\Foundation\Http\Kernel.php(175): Illuminate\Pipeline\Pipeline->then(Object(Closure))
#74 C:\Users\Administrator\OneDrive\Documents\code_pr\child-development-program\vendor\laravel\framework\src\Illuminate\Foundation\Http\Kernel.php(144): Illuminate\Foundation\Http\Kernel->sendRequestThroughRouter(Object(Illuminate\Http\Request))
#75 C:\Users\Administrator\OneDrive\Documents\code_pr\child-development-program\vendor\laravel\framework\src\Illuminate\Foundation\Testing\Concerns\MakesHttpRequests.php(607): Illuminate\Foundation\Http\Kernel->handle(Object(Illuminate\Http\Request))
#76 C:\Users\Administrator\OneDrive\Documents\code_pr\child-development-program\vendor\laravel\framework\src\Illuminate\Foundation\Testing\Concerns\MakesHttpRequests.php(368): Illuminate\Foundation\Testing\TestCase->call('GET', 'http://localhos...', Array, Array, Array, Array)
#77 C:\Users\Administrator\OneDrive\Documents\code_pr\child-development-program\tests\Feature\RmdReportTest.php(35): Illuminate\Foundation\Testing\TestCase->get('http://localhos...')
#78 C:\Users\Administrator\OneDrive\Documents\code_pr\child-development-program\vendor\phpunit\phpunit\src\Framework\TestCase.php(1667): Tests\Feature\RmdReportTest->test_export_excel_works()
#79 C:\Users\Administrator\OneDrive\Documents\code_pr\child-development-program\vendor\phpunit\phpunit\src\Framework\TestCase.php(519): PHPUnit\Framework\TestCase->runTest()
#80 C:\Users\Administrator\OneDrive\Documents\code_pr\child-development-program\vendor\phpunit\phpunit\src\Framework\TestRunner\TestRunner.php(87): PHPUnit\Framework\TestCase->runBare()
#81 C:\Users\Administrator\OneDrive\Documents\code_pr\child-development-program\vendor\phpunit\phpunit\src\Framework\TestCase.php(365): PHPUnit\Framework\TestRunner->run(Object(Tests\Feature\RmdReportTest))
#82 C:\Users\Administrator\OneDrive\Documents\code_pr\child-development-program\vendor\phpunit\phpunit\src\Framework\TestSuite.php(369): PHPUnit\Framework\TestCase->run()
#83 C:\Users\Administrator\OneDrive\Documents\code_pr\child-development-program\vendor\phpunit\phpunit\src\TextUI\TestRunner.php(64): PHPUnit\Framework\TestSuite->run()
#84 C:\Users\Administrator\OneDrive\Documents\code_pr\child-development-program\vendor\phpunit\phpunit\src\TextUI\Application.php(211): PHPUnit\TextUI\TestRunner->run(Object(PHPUnit\TextUI\Configuration\Configuration), Object(PHPUnit\Runner\ResultCache\DefaultResultCache), Object(PHPUnit\Framework\TestSuite))
#85 C:\Users\Administrator\OneDrive\Documents\code_pr\child-development-program\vendor\phpunit\phpunit\phpunit(104): PHPUnit\TextUI\Application->run(Array)
#86 {main}

----------------------------------------------------------------------------------

SQLSTATE[HY000]: General error: 1 no such column: rmd_socio_emotionals.user_id (Connection: sqlite, Database: :memory:, SQL: select * from "rmd_socio_emotionals" where "rmd_socio_emotionals"."user_id" in (2))

  at tests\Feature\RmdReportTest.php:37
     33Ôûò         User::factory()->create(['role' => 'participant']);
     34Ôûò         
     35Ôûò         $response = $this->actingAs($admin)->get(route('rmd-report.export.excel'));
     36Ôûò         
  Ô×£  37Ôûò         $response->assertStatus(200);
     38Ôûò         
     39Ôûò         Excel::assertDownloaded('laporan_rmd_' . date('Y-m-d_H-i') . '.xlsx');
     40Ôûò     }
     41Ôûò

  ÔöÇÔöÇÔöÇÔöÇÔöÇÔöÇÔöÇÔöÇÔöÇÔöÇÔöÇÔöÇÔöÇÔöÇÔöÇÔöÇÔöÇÔöÇÔöÇÔöÇÔöÇÔöÇÔöÇÔöÇÔöÇÔöÇÔöÇÔöÇÔöÇÔöÇÔöÇÔöÇÔöÇÔöÇÔöÇÔöÇÔöÇÔöÇÔöÇÔöÇÔöÇÔöÇÔöÇÔöÇÔöÇÔöÇÔöÇÔöÇÔöÇÔöÇÔöÇÔöÇÔöÇÔöÇÔöÇÔöÇÔöÇÔöÇÔöÇÔöÇÔöÇÔöÇÔöÇÔöÇÔöÇÔöÇÔöÇÔöÇÔöÇÔöÇÔöÇÔöÇÔöÇÔöÇÔöÇÔöÇÔöÇÔöÇÔöÇÔöÇÔöÇÔöÇÔöÇÔöÇÔöÇÔöÇÔöÇÔöÇÔöÇÔöÇÔöÇÔöÇÔöÇÔöÇÔöÇÔöÇÔöÇÔöÇÔöÇÔöÇÔöÇÔöÇÔöÇÔöÇÔöÇÔöÇÔöÇÔöÇÔöÇÔöÇÔöÇÔöÇÔöÇ  
   FAILED  Tests\Feature\RmdReportTest > export pdf works                                                            
  Expected response status code [200] but received 500.
Failed asserting that 500 is identical to 200.

The following exception occurred during the last request:

PDOException: SQLSTATE[HY000]: General error: 1 no such column: rmd_socio_emotionals.user_id in C:\Users\Administrator\OneDrive\Documents\code_pr\child-development-program\vendor\laravel\framework\src\Illuminate\Database\Connection.php:420
Stack trace:
#0 C:\Users\Administrator\OneDrive\Documents\code_pr\child-development-program\vendor\laravel\framework\src\Illuminate\Database\Connection.php(420): PDO->prepare('select * from "...')
#1 C:\Users\Administrator\OneDrive\Documents\code_pr\child-development-program\vendor\laravel\framework\src\Illuminate\Database\Connection.php(827): Illuminate\Database\Connection->{closure:Illuminate\Database\Connection::select():411}('select * from "...', Array)
#2 C:\Users\Administrator\OneDrive\Documents\code_pr\child-development-program\vendor\laravel\framework\src\Illuminate\Database\Connection.php(794): Illuminate\Database\Connection->runQueryCallback('select * from "...', Array, Object(Closure))
#3 C:\Users\Administrator\OneDrive\Documents\code_pr\child-development-program\vendor\laravel\framework\src\Illuminate\Database\Connection.php(411): Illuminate\Database\Connection->run('select * from "...', Array, Object(Closure))
#4 C:\Users\Administrator\OneDrive\Documents\code_pr\child-development-program\vendor\laravel\framework\src\Illuminate\Database\Query\Builder.php(3386): Illuminate\Database\Connection->select('select * from "...', Array, true)
#5 C:\Users\Administrator\OneDrive\Documents\code_pr\child-development-program\vendor\laravel\framework\src\Illuminate\Database\Query\Builder.php(3371): Illuminate\Database\Query\Builder->runSelect()
#6 C:\Users\Administrator\OneDrive\Documents\code_pr\child-development-program\vendor\laravel\framework\src\Illuminate\Database\Query\Builder.php(3961): Illuminate\Database\Query\Builder->{closure:Illuminate\Database\Query\Builder::get():3370}()
#7 C:\Users\Administrator\OneDrive\Documents\code_pr\child-development-program\vendor\laravel\framework\src\Illuminate\Database\Query\Builder.php(3370): Illuminate\Database\Query\Builder->onceWithColumns(Array, Object(Closure))
#8 C:\Users\Administrator\OneDrive\Documents\code_pr\child-development-program\vendor\laravel\framework\src\Illuminate\Database\Eloquent\Builder.php(902): Illuminate\Database\Query\Builder->get(Array)
#9 C:\Users\Administrator\OneDrive\Documents\code_pr\child-development-program\vendor\laravel\framework\src\Illuminate\Database\Eloquent\Builder.php(884): Illuminate\Database\Eloquent\Builder->getModels(Array)
#10 C:\Users\Administrator\OneDrive\Documents\code_pr\child-development-program\vendor\laravel\framework\src\Illuminate\Database\Eloquent\Relations\Relation.php(212): Illuminate\Database\Eloquent\Builder->get(Array)
#11 C:\Users\Administrator\OneDrive\Documents\code_pr\child-development-program\vendor\laravel\framework\src\Illuminate\Database\Eloquent\Relations\Relation.php(175): Illuminate\Database\Eloquent\Relations\Relation->get()
#12 C:\Users\Administrator\OneDrive\Documents\code_pr\child-development-program\vendor\laravel\framework\src\Illuminate\Database\Eloquent\Builder.php(950): Illuminate\Database\Eloquent\Relations\Relation->getEager()
#13 C:\Users\Administrator\OneDrive\Documents\code_pr\child-development-program\vendor\laravel\framework\src\Illuminate\Database\Eloquent\Builder.php(919): Illuminate\Database\Eloquent\Builder->eagerLoadRelation(Array, 'rmdSocioEmotion...', Object(Closure))
#14 C:\Users\Administrator\OneDrive\Documents\code_pr\child-development-program\vendor\laravel\framework\src\Illuminate\Database\Eloquent\Builder.php(885): Illuminate\Database\Eloquent\Builder->eagerLoadRelations(Array)
#15 C:\Users\Administrator\OneDrive\Documents\code_pr\child-development-program\app\Http\Controllers\RmdReportController.php(134): Illuminate\Database\Eloquent\Builder->get()
#16 C:\Users\Administrator\OneDrive\Documents\code_pr\child-development-program\app\Http\Controllers\RmdReportController.php(82): App\Http\Controllers\RmdReportController->getRmdReportData(Object(Illuminate\Http\Request))
#17 C:\Users\Administrator\OneDrive\Documents\code_pr\child-development-program\vendor\laravel\framework\src\Illuminate\Routing\ControllerDispatcher.php(46): App\Http\Controllers\RmdReportController->exportPdf(Object(Illuminate\Http\Request))
#18 C:\Users\Administrator\OneDrive\Documents\code_pr\child-development-program\vendor\laravel\framework\src\Illuminate\Routing\Route.php(265): Illuminate\Routing\ControllerDispatcher->dispatch(Object(Illuminate\Routing\Route), Object(App\Http\Controllers\RmdReportController), 'exportPdf')
#19 C:\Users\Administrator\OneDrive\Documents\code_pr\child-development-program\vendor\laravel\framework\src\Illuminate\Routing\Route.php(211): Illuminate\Routing\Route->runController()
#20 C:\Users\Administrator\OneDrive\Documents\code_pr\child-development-program\vendor\laravel\framework\src\Illuminate\Routing\Router.php(822): Illuminate\Routing\Route->run()
#21 C:\Users\Administrator\OneDrive\Documents\code_pr\child-development-program\vendor\laravel\framework\src\Illuminate\Pipeline\Pipeline.php(180): Illuminate\Routing\Router->{closure:Illuminate\Routing\Router::runRouteWithinStack():821}(Object(Illuminate\Http\Request))
#22 C:\Users\Administrator\OneDrive\Documents\code_pr\child-development-program\app\Http\Middleware\RoleMiddleware.php(22): Illuminate\Pipeline\Pipeline->{closure:Illuminate\Pipeline\Pipeline::prepareDestination():178}(Object(Illuminate\Http\Request))
#23 C:\Users\Administrator\OneDrive\Documents\code_pr\child-development-program\vendor\laravel\framework\src\Illuminate\Pipeline\Pipeline.php(219): App\Http\Middleware\RoleMiddleware->handle(Object(Illuminate\Http\Request), Object(Closure), 'admin')
#24 C:\Users\Administrator\OneDrive\Documents\code_pr\child-development-program\vendor\laravel\framework\src\Illuminate\Auth\Middleware\EnsureEmailIsVerified.php(41): Illuminate\Pipeline\Pipeline->{closure:{closure:Illuminate\Pipeline\Pipeline::carry():194}:195}(Object(Illuminate\Http\Request))
#25 C:\Users\Administrator\OneDrive\Documents\code_pr\child-development-program\vendor\laravel\framework\src\Illuminate\Pipeline\Pipeline.php(219): Illuminate\Auth\Middleware\EnsureEmailIsVerified->handle(Object(Illuminate\Http\Request), Object(Closure))
#26 C:\Users\Administrator\OneDrive\Documents\code_pr\child-development-program\app\Http\Middleware\UpdateLastSeen.php(25): Illuminate\Pipeline\Pipeline->{closure:{closure:Illuminate\Pipeline\Pipeline::carry():194}:195}(Object(Illuminate\Http\Request))
#27 C:\Users\Administrator\OneDrive\Documents\code_pr\child-development-program\vendor\laravel\framework\src\Illuminate\Pipeline\Pipeline.php(219): App\Http\Middleware\UpdateLastSeen->handle(Object(Illuminate\Http\Request), Object(Closure))
#28 C:\Users\Administrator\OneDrive\Documents\code_pr\child-development-program\vendor\laravel\framework\src\Illuminate\Http\Middleware\AddLinkHeadersForPreloadedAssets.php(32): Illuminate\Pipeline\Pipeline->{closure:{closure:Illuminate\Pipeline\Pipeline::carry():194}:195}(Object(Illuminate\Http\Request))
#29 C:\Users\Administrator\OneDrive\Documents\code_pr\child-development-program\vendor\laravel\framework\src\Illuminate\Pipeline\Pipeline.php(219): Illuminate\Http\Middleware\AddLinkHeadersForPreloadedAssets->handle(Object(Illuminate\Http\Request), Object(Closure))
#30 C:\Users\Administrator\OneDrive\Documents\code_pr\child-development-program\vendor\inertiajs\inertia-laravel\src\Middleware.php(122): Illuminate\Pipeline\Pipeline->{closure:{closure:Illuminate\Pipeline\Pipeline::carry():194}:195}(Object(Illuminate\Http\Request))
#31 C:\Users\Administrator\OneDrive\Documents\code_pr\child-development-program\vendor\laravel\framework\src\Illuminate\Pipeline\Pipeline.php(219): Inertia\Middleware->handle(Object(Illuminate\Http\Request), Object(Closure))
#32 C:\Users\Administrator\OneDrive\Documents\code_pr\child-development-program\app\Http\Middleware\SetLocaleMiddleware.php(21): Illuminate\Pipeline\Pipeline->{closure:{closure:Illuminate\Pipeline\Pipeline::carry():194}:195}(Object(Illuminate\Http\Request))
#33 C:\Users\Administrator\OneDrive\Documents\code_pr\child-development-program\vendor\laravel\framework\src\Illuminate\Pipeline\Pipeline.php(219): App\Http\Middleware\SetLocaleMiddleware->handle(Object(Illuminate\Http\Request), Object(Closure))
#34 C:\Users\Administrator\OneDrive\Documents\code_pr\child-development-program\vendor\laravel\framework\src\Illuminate\Routing\Middleware\SubstituteBindings.php(50): Illuminate\Pipeline\Pipeline->{closure:{closure:Illuminate\Pipeline\Pipeline::carry():194}:195}(Object(Illuminate\Http\Request))
#35 C:\Users\Administrator\OneDrive\Documents\code_pr\child-development-program\vendor\laravel\framework\src\Illuminate\Pipeline\Pipeline.php(219): Illuminate\Routing\Middleware\SubstituteBindings->handle(Object(Illuminate\Http\Request), Object(Closure))
#36 C:\Users\Administrator\OneDrive\Documents\code_pr\child-development-program\vendor\laravel\framework\src\Illuminate\Auth\Middleware\Authenticate.php(63): Illuminate\Pipeline\Pipeline->{closure:{closure:Illuminate\Pipeline\Pipeline::carry():194}:195}(Object(Illuminate\Http\Request))
#37 C:\Users\Administrator\OneDrive\Documents\code_pr\child-development-program\vendor\laravel\framework\src\Illuminate\Pipeline\Pipeline.php(219): Illuminate\Auth\Middleware\Authenticate->handle(Object(Illuminate\Http\Request), Object(Closure))
#38 C:\Users\Administrator\OneDrive\Documents\code_pr\child-development-program\vendor\laravel\framework\src\Illuminate\Foundation\Http\Middleware\VerifyCsrfToken.php(87): Illuminate\Pipeline\Pipeline->{closure:{closure:Illuminate\Pipeline\Pipeline::carry():194}:195}(Object(Illuminate\Http\Request))
#39 C:\Users\Administrator\OneDrive\Documents\code_pr\child-development-program\vendor\laravel\framework\src\Illuminate\Pipeline\Pipeline.php(219): Illuminate\Foundation\Http\Middleware\VerifyCsrfToken->handle(Object(Illuminate\Http\Request), Object(Closure))
#40 C:\Users\Administrator\OneDrive\Documents\code_pr\child-development-program\vendor\laravel\framework\src\Illuminate\View\Middleware\ShareErrorsFromSession.php(48): Illuminate\Pipeline\Pipeline->{closure:{closure:Illuminate\Pipeline\Pipeline::carry():194}:195}(Object(Illuminate\Http\Request))
#41 C:\Users\Administrator\OneDrive\Documents\code_pr\child-development-program\vendor\laravel\framework\src\Illuminate\Pipeline\Pipeline.php(219): Illuminate\View\Middleware\ShareErrorsFromSession->handle(Object(Illuminate\Http\Request), Object(Closure))
#42 C:\Users\Administrator\OneDrive\Documents\code_pr\child-development-program\vendor\laravel\framework\src\Illuminate\Session\Middleware\StartSession.php(120): Illuminate\Pipeline\Pipeline->{closure:{closure:Illuminate\Pipeline\Pipeline::carry():194}:195}(Object(Illuminate\Http\Request))
#43 C:\Users\Administrator\OneDrive\Documents\code_pr\child-development-program\vendor\laravel\framework\src\Illuminate\Session\Middleware\StartSession.php(63): Illuminate\Session\Middleware\StartSession->handleStatefulRequest(Object(Illuminate\Http\Request), Object(Illuminate\Session\Store), Object(Closure))
#44 C:\Users\Administrator\OneDrive\Documents\code_pr\child-development-program\vendor\laravel\framework\src\Illuminate\Pipeline\Pipeline.php(219): Illuminate\Session\Middleware\StartSession->handle(Object(Illuminate\Http\Request), Object(Closure))
#45 C:\Users\Administrator\OneDrive\Documents\code_pr\child-development-program\vendor\laravel\framework\src\Illuminate\Cookie\Middleware\AddQueuedCookiesToResponse.php(36): Illuminate\Pipeline\Pipeline->{closure:{closure:Illuminate\Pipeline\Pipeline::carry():194}:195}(Object(Illuminate\Http\Request))
#46 C:\Users\Administrator\OneDrive\Documents\code_pr\child-development-program\vendor\laravel\framework\src\Illuminate\Pipeline\Pipeline.php(219): Illuminate\Cookie\Middleware\AddQueuedCookiesToResponse->handle(Object(Illuminate\Http\Request), Object(Closure))
#47 C:\Users\Administrator\OneDrive\Documents\code_pr\child-development-program\vendor\laravel\framework\src\Illuminate\Cookie\Middleware\EncryptCookies.php(74): Illuminate\Pipeline\Pipeline->{closure:{closure:Illuminate\Pipeline\Pipeline::carry():194}:195}(Object(Illuminate\Http\Request))
#48 C:\Users\Administrator\OneDrive\Documents\code_pr\child-development-program\vendor\laravel\framework\src\Illuminate\Pipeline\Pipeline.php(219): Illuminate\Cookie\Middleware\EncryptCookies->handle(Object(Illuminate\Http\Request), Object(Closure))
#49 C:\Users\Administrator\OneDrive\Documents\code_pr\child-development-program\vendor\laravel\framework\src\Illuminate\Pipeline\Pipeline.php(137): Illuminate\Pipeline\Pipeline->{closure:{closure:Illuminate\Pipeline\Pipeline::carry():194}:195}(Object(Illuminate\Http\Request))
#50 C:\Users\Administrator\OneDrive\Documents\code_pr\child-development-program\vendor\laravel\framework\src\Illuminate\Routing\Router.php(821): Illuminate\Pipeline\Pipeline->then(Object(Closure))
#51 C:\Users\Administrator\OneDrive\Documents\code_pr\child-development-program\vendor\laravel\framework\src\Illuminate\Routing\Router.php(800): Illuminate\Routing\Router->runRouteWithinStack(Object(Illuminate\Routing\Route), Object(Illuminate\Http\Request))
#52 C:\Users\Administrator\OneDrive\Documents\code_pr\child-development-program\vendor\laravel\framework\src\Illuminate\Routing\Router.php(764): Illuminate\Routing\Router->runRoute(Object(Illuminate\Http\Request), Object(Illuminate\Routing\Route))
#53 C:\Users\Administrator\OneDrive\Documents\code_pr\child-development-program\vendor\laravel\framework\src\Illuminate\Routing\Router.php(753): Illuminate\Routing\Router->dispatchToRoute(Object(Illuminate\Http\Request))
#54 C:\Users\Administrator\OneDrive\Documents\code_pr\child-development-program\vendor\laravel\framework\src\Illuminate\Foundation\Http\Kernel.php(200): Illuminate\Routing\Router->dispatch(Object(Illuminate\Http\Request))
#55 C:\Users\Administrator\OneDrive\Documents\code_pr\child-development-program\vendor\laravel\framework\src\Illuminate\Pipeline\Pipeline.php(180): Illuminate\Foundation\Http\Kernel->{closure:Illuminate\Foundation\Http\Kernel::dispatchToRouter():197}(Object(Illuminate\Http\Request))
#56 C:\Users\Administrator\OneDrive\Documents\code_pr\child-development-program\vendor\laravel\framework\src\Illuminate\Foundation\Http\Middleware\TransformsRequest.php(21): Illuminate\Pipeline\Pipeline->{closure:Illuminate\Pipeline\Pipeline::prepareDestination():178}(Object(Illuminate\Http\Request))
#57 C:\Users\Administrator\OneDrive\Documents\code_pr\child-development-program\vendor\laravel\framework\src\Illuminate\Foundation\Http\Middleware\ConvertEmptyStringsToNull.php(31): Illuminate\Foundation\Http\Middleware\TransformsRequest->handle(Object(Illuminate\Http\Request), Object(Closure))
#58 C:\Users\Administrator\OneDrive\Documents\code_pr\child-development-program\vendor\laravel\framework\src\Illuminate\Pipeline\Pipeline.php(219): Illuminate\Foundation\Http\Middleware\ConvertEmptyStringsToNull->handle(Object(Illuminate\Http\Request), Object(Closure))
#59 C:\Users\Administrator\OneDrive\Documents\code_pr\child-development-program\vendor\laravel\framework\src\Illuminate\Foundation\Http\Middleware\TransformsRequest.php(21): Illuminate\Pipeline\Pipeline->{closure:{closure:Illuminate\Pipeline\Pipeline::carry():194}:195}(Object(Illuminate\Http\Request))
#60 C:\Users\Administrator\OneDrive\Documents\code_pr\child-development-program\vendor\laravel\framework\src\Illuminate\Foundation\Http\Middleware\TrimStrings.php(51): Illuminate\Foundation\Http\Middleware\TransformsRequest->handle(Object(Illuminate\Http\Request), Object(Closure))
#61 C:\Users\Administrator\OneDrive\Documents\code_pr\child-development-program\vendor\laravel\framework\src\Illuminate\Pipeline\Pipeline.php(219): Illuminate\Foundation\Http\Middleware\TrimStrings->handle(Object(Illuminate\Http\Request), Object(Closure))
#62 C:\Users\Administrator\OneDrive\Documents\code_pr\child-development-program\vendor\laravel\framework\src\Illuminate\Http\Middleware\ValidatePostSize.php(27): Illuminate\Pipeline\Pipeline->{closure:{closure:Illuminate\Pipeline\Pipeline::carry():194}:195}(Object(Illuminate\Http\Request))
#63 C:\Users\Administrator\OneDrive\Documents\code_pr\child-development-program\vendor\laravel\framework\src\Illuminate\Pipeline\Pipeline.php(219): Illuminate\Http\Middleware\ValidatePostSize->handle(Object(Illuminate\Http\Request), Object(Closure))
#64 C:\Users\Administrator\OneDrive\Documents\code_pr\child-development-program\vendor\laravel\framework\src\Illuminate\Foundation\Http\Middleware\PreventRequestsDuringMaintenance.php(109): Illuminate\Pipeline\Pipeline->{closure:{closure:Illuminate\Pipeline\Pipeline::carry():194}:195}(Object(Illuminate\Http\Request))
#65 C:\Users\Administrator\OneDrive\Documents\code_pr\child-development-program\vendor\laravel\framework\src\Illuminate\Pipeline\Pipeline.php(219): Illuminate\Foundation\Http\Middleware\PreventRequestsDuringMaintenance->handle(Object(Illuminate\Http\Request), Object(Closure))
#66 C:\Users\Administrator\OneDrive\Documents\code_pr\child-development-program\vendor\laravel\framework\src\Illuminate\Http\Middleware\HandleCors.php(61): Illuminate\Pipeline\Pipeline->{closure:{closure:Illuminate\Pipeline\Pipeline::carry():194}:195}(Object(Illuminate\Http\Request))
#67 C:\Users\Administrator\OneDrive\Documents\code_pr\child-development-program\vendor\laravel\framework\src\Illuminate\Pipeline\Pipeline.php(219): Illuminate\Http\Middleware\HandleCors->handle(Object(Illuminate\Http\Request), Object(Closure))
#68 C:\Users\Administrator\OneDrive\Documents\code_pr\child-development-program\vendor\laravel\framework\src\Illuminate\Http\Middleware\TrustProxies.php(58): Illuminate\Pipeline\Pipeline->{closure:{closure:Illuminate\Pipeline\Pipeline::carry():194}:195}(Object(Illuminate\Http\Request))
#69 C:\Users\Administrator\OneDrive\Documents\code_pr\child-development-program\vendor\laravel\framework\src\Illuminate\Pipeline\Pipeline.php(219): Illuminate\Http\Middleware\TrustProxies->handle(Object(Illuminate\Http\Request), Object(Closure))
#70 C:\Users\Administrator\OneDrive\Documents\code_pr\child-development-program\vendor\laravel\framework\src\Illuminate\Foundation\Http\Middleware\InvokeDeferredCallbacks.php(22): Illuminate\Pipeline\Pipeline->{closure:{closure:Illuminate\Pipeline\Pipeline::carry():194}:195}(Object(Illuminate\Http\Request))
#71 C:\Users\Administrator\OneDrive\Documents\code_pr\child-development-program\vendor\laravel\framework\src\Illuminate\Pipeline\Pipeline.php(219): Illuminate\Foundation\Http\Middleware\InvokeDeferredCallbacks->handle(Object(Illuminate\Http\Request), Object(Closure))
#72 C:\Users\Administrator\OneDrive\Documents\code_pr\child-development-program\vendor\laravel\framework\src\Illuminate\Http\Middleware\ValidatePathEncoding.php(26): Illuminate\Pipeline\Pipeline->{closure:{closure:Illuminate\Pipeline\Pipeline::carry():194}:195}(Object(Illuminate\Http\Request))
#73 C:\Users\Administrator\OneDrive\Documents\code_pr\child-development-program\vendor\laravel\framework\src\Illuminate\Pipeline\Pipeline.php(219): Illuminate\Http\Middleware\ValidatePathEncoding->handle(Object(Illuminate\Http\Request), Object(Closure))
#74 C:\Users\Administrator\OneDrive\Documents\code_pr\child-development-program\vendor\laravel\framework\src\Illuminate\Pipeline\Pipeline.php(137): Illuminate\Pipeline\Pipeline->{closure:{closure:Illuminate\Pipeline\Pipeline::carry():194}:195}(Object(Illuminate\Http\Request))
#75 C:\Users\Administrator\OneDrive\Documents\code_pr\child-development-program\vendor\laravel\framework\src\Illuminate\Foundation\Http\Kernel.php(175): Illuminate\Pipeline\Pipeline->then(Object(Closure))
#76 C:\Users\Administrator\OneDrive\Documents\code_pr\child-development-program\vendor\laravel\framework\src\Illuminate\Foundation\Http\Kernel.php(144): Illuminate\Foundation\Http\Kernel->sendRequestThroughRouter(Object(Illuminate\Http\Request))
#77 C:\Users\Administrator\OneDrive\Documents\code_pr\child-development-program\vendor\laravel\framework\src\Illuminate\Foundation\Testing\Concerns\MakesHttpRequests.php(607): Illuminate\Foundation\Http\Kernel->handle(Object(Illuminate\Http\Request))
#78 C:\Users\Administrator\OneDrive\Documents\code_pr\child-development-program\vendor\laravel\framework\src\Illuminate\Foundation\Testing\Concerns\MakesHttpRequests.php(368): Illuminate\Foundation\Testing\TestCase->call('GET', 'http://localhos...', Array, Array, Array, Array)
#79 C:\Users\Administrator\OneDrive\Documents\code_pr\child-development-program\tests\Feature\RmdReportTest.php(47): Illuminate\Foundation\Testing\TestCase->get('http://localhos...')
#80 C:\Users\Administrator\OneDrive\Documents\code_pr\child-development-program\vendor\phpunit\phpunit\src\Framework\TestCase.php(1667): Tests\Feature\RmdReportTest->test_export_pdf_works()
#81 C:\Users\Administrator\OneDrive\Documents\code_pr\child-development-program\vendor\phpunit\phpunit\src\Framework\TestCase.php(519): PHPUnit\Framework\TestCase->runTest()
#82 C:\Users\Administrator\OneDrive\Documents\code_pr\child-development-program\vendor\phpunit\phpunit\src\Framework\TestRunner\TestRunner.php(87): PHPUnit\Framework\TestCase->runBare()
#83 C:\Users\Administrator\OneDrive\Documents\code_pr\child-development-program\vendor\phpunit\phpunit\src\Framework\TestCase.php(365): PHPUnit\Framework\TestRunner->run(Object(Tests\Feature\RmdReportTest))
#84 C:\Users\Administrator\OneDrive\Documents\code_pr\child-development-program\vendor\phpunit\phpunit\src\Framework\TestSuite.php(369): PHPUnit\Framework\TestCase->run()
#85 C:\Users\Administrator\OneDrive\Documents\code_pr\child-development-program\vendor\phpunit\phpunit\src\TextUI\TestRunner.php(64): PHPUnit\Framework\TestSuite->run()
#86 C:\Users\Administrator\OneDrive\Documents\code_pr\child-development-program\vendor\phpunit\phpunit\src\TextUI\Application.php(211): PHPUnit\TextUI\TestRunner->run(Object(PHPUnit\TextUI\Configuration\Configuration), Object(PHPUnit\Runner\ResultCache\DefaultResultCache), Object(PHPUnit\Framework\TestSuite))
#87 C:\Users\Administrator\OneDrive\Documents\code_pr\child-development-program\vendor\phpunit\phpunit\phpunit(104): PHPUnit\TextUI\Application->run(Array)
#88 {main}

Next Illuminate\Database\QueryException: SQLSTATE[HY000]: General error: 1 no such column: rmd_socio_emotionals.user_id (Connection: sqlite, Database: :memory:, SQL: select * from "rmd_socio_emotionals" where "rmd_socio_emotionals"."user_id" in (2)) in C:\Users\Administrator\OneDrive\Documents\code_pr\child-development-program\vendor\laravel\framework\src\Illuminate\Database\Connection.php:838
Stack trace:
#0 C:\Users\Administrator\OneDrive\Documents\code_pr\child-development-program\vendor\laravel\framework\src\Illuminate\Database\Connection.php(794): Illuminate\Database\Connection->runQueryCallback('select * from "...', Array, Object(Closure))
#1 C:\Users\Administrator\OneDrive\Documents\code_pr\child-development-program\vendor\laravel\framework\src\Illuminate\Database\Connection.php(411): Illuminate\Database\Connection->run('select * from "...', Array, Object(Closure))
#2 C:\Users\Administrator\OneDrive\Documents\code_pr\child-development-program\vendor\laravel\framework\src\Illuminate\Database\Query\Builder.php(3386): Illuminate\Database\Connection->select('select * from "...', Array, true)
#3 C:\Users\Administrator\OneDrive\Documents\code_pr\child-development-program\vendor\laravel\framework\src\Illuminate\Database\Query\Builder.php(3371): Illuminate\Database\Query\Builder->runSelect()
#4 C:\Users\Administrator\OneDrive\Documents\code_pr\child-development-program\vendor\laravel\framework\src\Illuminate\Database\Query\Builder.php(3961): Illuminate\Database\Query\Builder->{closure:Illuminate\Database\Query\Builder::get():3370}()
#5 C:\Users\Administrator\OneDrive\Documents\code_pr\child-development-program\vendor\laravel\framework\src\Illuminate\Database\Query\Builder.php(3370): Illuminate\Database\Query\Builder->onceWithColumns(Array, Object(Closure))
#6 C:\Users\Administrator\OneDrive\Documents\code_pr\child-development-program\vendor\laravel\framework\src\Illuminate\Database\Eloquent\Builder.php(902): Illuminate\Database\Query\Builder->get(Array)
#7 C:\Users\Administrator\OneDrive\Documents\code_pr\child-development-program\vendor\laravel\framework\src\Illuminate\Database\Eloquent\Builder.php(884): Illuminate\Database\Eloquent\Builder->getModels(Array)
#8 C:\Users\Administrator\OneDrive\Documents\code_pr\child-development-program\vendor\laravel\framework\src\Illuminate\Database\Eloquent\Relations\Relation.php(212): Illuminate\Database\Eloquent\Builder->get(Array)
#9 C:\Users\Administrator\OneDrive\Documents\code_pr\child-development-program\vendor\laravel\framework\src\Illuminate\Database\Eloquent\Relations\Relation.php(175): Illuminate\Database\Eloquent\Relations\Relation->get()
#10 C:\Users\Administrator\OneDrive\Documents\code_pr\child-development-program\vendor\laravel\framework\src\Illuminate\Database\Eloquent\Builder.php(950): Illuminate\Database\Eloquent\Relations\Relation->getEager()
#11 C:\Users\Administrator\OneDrive\Documents\code_pr\child-development-program\vendor\laravel\framework\src\Illuminate\Database\Eloquent\Builder.php(919): Illuminate\Database\Eloquent\Builder->eagerLoadRelation(Array, 'rmdSocioEmotion...', Object(Closure))
#12 C:\Users\Administrator\OneDrive\Documents\code_pr\child-development-program\vendor\laravel\framework\src\Illuminate\Database\Eloquent\Builder.php(885): Illuminate\Database\Eloquent\Builder->eagerLoadRelations(Array)
#13 C:\Users\Administrator\OneDrive\Documents\code_pr\child-development-program\app\Http\Controllers\RmdReportController.php(134): Illuminate\Database\Eloquent\Builder->get()
#14 C:\Users\Administrator\OneDrive\Documents\code_pr\child-development-program\app\Http\Controllers\RmdReportController.php(82): App\Http\Controllers\RmdReportController->getRmdReportData(Object(Illuminate\Http\Request))
#15 C:\Users\Administrator\OneDrive\Documents\code_pr\child-development-program\vendor\laravel\framework\src\Illuminate\Routing\ControllerDispatcher.php(46): App\Http\Controllers\RmdReportController->exportPdf(Object(Illuminate\Http\Request))
#16 C:\Users\Administrator\OneDrive\Documents\code_pr\child-development-program\vendor\laravel\framework\src\Illuminate\Routing\Route.php(265): Illuminate\Routing\ControllerDispatcher->dispatch(Object(Illuminate\Routing\Route), Object(App\Http\Controllers\RmdReportController), 'exportPdf')
#17 C:\Users\Administrator\OneDrive\Documents\code_pr\child-development-program\vendor\laravel\framework\src\Illuminate\Routing\Route.php(211): Illuminate\Routing\Route->runController()
#18 C:\Users\Administrator\OneDrive\Documents\code_pr\child-development-program\vendor\laravel\framework\src\Illuminate\Routing\Router.php(822): Illuminate\Routing\Route->run()
#19 C:\Users\Administrator\OneDrive\Documents\code_pr\child-development-program\vendor\laravel\framework\src\Illuminate\Pipeline\Pipeline.php(180): Illuminate\Routing\Router->{closure:Illuminate\Routing\Router::runRouteWithinStack():821}(Object(Illuminate\Http\Request))
#20 C:\Users\Administrator\OneDrive\Documents\code_pr\child-development-program\app\Http\Middleware\RoleMiddleware.php(22): Illuminate\Pipeline\Pipeline->{closure:Illuminate\Pipeline\Pipeline::prepareDestination():178}(Object(Illuminate\Http\Request))
#21 C:\Users\Administrator\OneDrive\Documents\code_pr\child-development-program\vendor\laravel\framework\src\Illuminate\Pipeline\Pipeline.php(219): App\Http\Middleware\RoleMiddleware->handle(Object(Illuminate\Http\Request), Object(Closure), 'admin')
#22 C:\Users\Administrator\OneDrive\Documents\code_pr\child-development-program\vendor\laravel\framework\src\Illuminate\Auth\Middleware\EnsureEmailIsVerified.php(41): Illuminate\Pipeline\Pipeline->{closure:{closure:Illuminate\Pipeline\Pipeline::carry():194}:195}(Object(Illuminate\Http\Request))
#23 C:\Users\Administrator\OneDrive\Documents\code_pr\child-development-program\vendor\laravel\framework\src\Illuminate\Pipeline\Pipeline.php(219): Illuminate\Auth\Middleware\EnsureEmailIsVerified->handle(Object(Illuminate\Http\Request), Object(Closure))
#24 C:\Users\Administrator\OneDrive\Documents\code_pr\child-development-program\app\Http\Middleware\UpdateLastSeen.php(25): Illuminate\Pipeline\Pipeline->{closure:{closure:Illuminate\Pipeline\Pipeline::carry():194}:195}(Object(Illuminate\Http\Request))
#25 C:\Users\Administrator\OneDrive\Documents\code_pr\child-development-program\vendor\laravel\framework\src\Illuminate\Pipeline\Pipeline.php(219): App\Http\Middleware\UpdateLastSeen->handle(Object(Illuminate\Http\Request), Object(Closure))
#26 C:\Users\Administrator\OneDrive\Documents\code_pr\child-development-program\vendor\laravel\framework\src\Illuminate\Http\Middleware\AddLinkHeadersForPreloadedAssets.php(32): Illuminate\Pipeline\Pipeline->{closure:{closure:Illuminate\Pipeline\Pipeline::carry():194}:195}(Object(Illuminate\Http\Request))
#27 C:\Users\Administrator\OneDrive\Documents\code_pr\child-development-program\vendor\laravel\framework\src\Illuminate\Pipeline\Pipeline.php(219): Illuminate\Http\Middleware\AddLinkHeadersForPreloadedAssets->handle(Object(Illuminate\Http\Request), Object(Closure))
#28 C:\Users\Administrator\OneDrive\Documents\code_pr\child-development-program\vendor\inertiajs\inertia-laravel\src\Middleware.php(122): Illuminate\Pipeline\Pipeline->{closure:{closure:Illuminate\Pipeline\Pipeline::carry():194}:195}(Object(Illuminate\Http\Request))
#29 C:\Users\Administrator\OneDrive\Documents\code_pr\child-development-program\vendor\laravel\framework\src\Illuminate\Pipeline\Pipeline.php(219): Inertia\Middleware->handle(Object(Illuminate\Http\Request), Object(Closure))
#30 C:\Users\Administrator\OneDrive\Documents\code_pr\child-development-program\app\Http\Middleware\SetLocaleMiddleware.php(21): Illuminate\Pipeline\Pipeline->{closure:{closure:Illuminate\Pipeline\Pipeline::carry():194}:195}(Object(Illuminate\Http\Request))
#31 C:\Users\Administrator\OneDrive\Documents\code_pr\child-development-program\vendor\laravel\framework\src\Illuminate\Pipeline\Pipeline.php(219): App\Http\Middleware\SetLocaleMiddleware->handle(Object(Illuminate\Http\Request), Object(Closure))
#32 C:\Users\Administrator\OneDrive\Documents\code_pr\child-development-program\vendor\laravel\framework\src\Illuminate\Routing\Middleware\SubstituteBindings.php(50): Illuminate\Pipeline\Pipeline->{closure:{closure:Illuminate\Pipeline\Pipeline::carry():194}:195}(Object(Illuminate\Http\Request))
#33 C:\Users\Administrator\OneDrive\Documents\code_pr\child-development-program\vendor\laravel\framework\src\Illuminate\Pipeline\Pipeline.php(219): Illuminate\Routing\Middleware\SubstituteBindings->handle(Object(Illuminate\Http\Request), Object(Closure))
#34 C:\Users\Administrator\OneDrive\Documents\code_pr\child-development-program\vendor\laravel\framework\src\Illuminate\Auth\Middleware\Authenticate.php(63): Illuminate\Pipeline\Pipeline->{closure:{closure:Illuminate\Pipeline\Pipeline::carry():194}:195}(Object(Illuminate\Http\Request))
#35 C:\Users\Administrator\OneDrive\Documents\code_pr\child-development-program\vendor\laravel\framework\src\Illuminate\Pipeline\Pipeline.php(219): Illuminate\Auth\Middleware\Authenticate->handle(Object(Illuminate\Http\Request), Object(Closure))
#36 C:\Users\Administrator\OneDrive\Documents\code_pr\child-development-program\vendor\laravel\framework\src\Illuminate\Foundation\Http\Middleware\VerifyCsrfToken.php(87): Illuminate\Pipeline\Pipeline->{closure:{closure:Illuminate\Pipeline\Pipeline::carry():194}:195}(Object(Illuminate\Http\Request))
#37 C:\Users\Administrator\OneDrive\Documents\code_pr\child-development-program\vendor\laravel\framework\src\Illuminate\Pipeline\Pipeline.php(219): Illuminate\Foundation\Http\Middleware\VerifyCsrfToken->handle(Object(Illuminate\Http\Request), Object(Closure))
#38 C:\Users\Administrator\OneDrive\Documents\code_pr\child-development-program\vendor\laravel\framework\src\Illuminate\View\Middleware\ShareErrorsFromSession.php(48): Illuminate\Pipeline\Pipeline->{closure:{closure:Illuminate\Pipeline\Pipeline::carry():194}:195}(Object(Illuminate\Http\Request))
#39 C:\Users\Administrator\OneDrive\Documents\code_pr\child-development-program\vendor\laravel\framework\src\Illuminate\Pipeline\Pipeline.php(219): Illuminate\View\Middleware\ShareErrorsFromSession->handle(Object(Illuminate\Http\Request), Object(Closure))
#40 C:\Users\Administrator\OneDrive\Documents\code_pr\child-development-program\vendor\laravel\framework\src\Illuminate\Session\Middleware\StartSession.php(120): Illuminate\Pipeline\Pipeline->{closure:{closure:Illuminate\Pipeline\Pipeline::carry():194}:195}(Object(Illuminate\Http\Request))
#41 C:\Users\Administrator\OneDrive\Documents\code_pr\child-development-program\vendor\laravel\framework\src\Illuminate\Session\Middleware\StartSession.php(63): Illuminate\Session\Middleware\StartSession->handleStatefulRequest(Object(Illuminate\Http\Request), Object(Illuminate\Session\Store), Object(Closure))
#42 C:\Users\Administrator\OneDrive\Documents\code_pr\child-development-program\vendor\laravel\framework\src\Illuminate\Pipeline\Pipeline.php(219): Illuminate\Session\Middleware\StartSession->handle(Object(Illuminate\Http\Request), Object(Closure))
#43 C:\Users\Administrator\OneDrive\Documents\code_pr\child-development-program\vendor\laravel\framework\src\Illuminate\Cookie\Middleware\AddQueuedCookiesToResponse.php(36): Illuminate\Pipeline\Pipeline->{closure:{closure:Illuminate\Pipeline\Pipeline::carry():194}:195}(Object(Illuminate\Http\Request))
#44 C:\Users\Administrator\OneDrive\Documents\code_pr\child-development-program\vendor\laravel\framework\src\Illuminate\Pipeline\Pipeline.php(219): Illuminate\Cookie\Middleware\AddQueuedCookiesToResponse->handle(Object(Illuminate\Http\Request), Object(Closure))
#45 C:\Users\Administrator\OneDrive\Documents\code_pr\child-development-program\vendor\laravel\framework\src\Illuminate\Cookie\Middleware\EncryptCookies.php(74): Illuminate\Pipeline\Pipeline->{closure:{closure:Illuminate\Pipeline\Pipeline::carry():194}:195}(Object(Illuminate\Http\Request))
#46 C:\Users\Administrator\OneDrive\Documents\code_pr\child-development-program\vendor\laravel\framework\src\Illuminate\Pipeline\Pipeline.php(219): Illuminate\Cookie\Middleware\EncryptCookies->handle(Object(Illuminate\Http\Request), Object(Closure))
#47 C:\Users\Administrator\OneDrive\Documents\code_pr\child-development-program\vendor\laravel\framework\src\Illuminate\Pipeline\Pipeline.php(137): Illuminate\Pipeline\Pipeline->{closure:{closure:Illuminate\Pipeline\Pipeline::carry():194}:195}(Object(Illuminate\Http\Request))
#48 C:\Users\Administrator\OneDrive\Documents\code_pr\child-development-program\vendor\laravel\framework\src\Illuminate\Routing\Router.php(821): Illuminate\Pipeline\Pipeline->then(Object(Closure))
#49 C:\Users\Administrator\OneDrive\Documents\code_pr\child-development-program\vendor\laravel\framework\src\Illuminate\Routing\Router.php(800): Illuminate\Routing\Router->runRouteWithinStack(Object(Illuminate\Routing\Route), Object(Illuminate\Http\Request))
#50 C:\Users\Administrator\OneDrive\Documents\code_pr\child-development-program\vendor\laravel\framework\src\Illuminate\Routing\Router.php(764): Illuminate\Routing\Router->runRoute(Object(Illuminate\Http\Request), Object(Illuminate\Routing\Route))
#51 C:\Users\Administrator\OneDrive\Documents\code_pr\child-development-program\vendor\laravel\framework\src\Illuminate\Routing\Router.php(753): Illuminate\Routing\Router->dispatchToRoute(Object(Illuminate\Http\Request))
#52 C:\Users\Administrator\OneDrive\Documents\code_pr\child-development-program\vendor\laravel\framework\src\Illuminate\Foundation\Http\Kernel.php(200): Illuminate\Routing\Router->dispatch(Object(Illuminate\Http\Request))
#53 C:\Users\Administrator\OneDrive\Documents\code_pr\child-development-program\vendor\laravel\framework\src\Illuminate\Pipeline\Pipeline.php(180): Illuminate\Foundation\Http\Kernel->{closure:Illuminate\Foundation\Http\Kernel::dispatchToRouter():197}(Object(Illuminate\Http\Request))
#54 C:\Users\Administrator\OneDrive\Documents\code_pr\child-development-program\vendor\laravel\framework\src\Illuminate\Foundation\Http\Middleware\TransformsRequest.php(21): Illuminate\Pipeline\Pipeline->{closure:Illuminate\Pipeline\Pipeline::prepareDestination():178}(Object(Illuminate\Http\Request))
#55 C:\Users\Administrator\OneDrive\Documents\code_pr\child-development-program\vendor\laravel\framework\src\Illuminate\Foundation\Http\Middleware\ConvertEmptyStringsToNull.php(31): Illuminate\Foundation\Http\Middleware\TransformsRequest->handle(Object(Illuminate\Http\Request), Object(Closure))
#56 C:\Users\Administrator\OneDrive\Documents\code_pr\child-development-program\vendor\laravel\framework\src\Illuminate\Pipeline\Pipeline.php(219): Illuminate\Foundation\Http\Middleware\ConvertEmptyStringsToNull->handle(Object(Illuminate\Http\Request), Object(Closure))
#57 C:\Users\Administrator\OneDrive\Documents\code_pr\child-development-program\vendor\laravel\framework\src\Illuminate\Foundation\Http\Middleware\TransformsRequest.php(21): Illuminate\Pipeline\Pipeline->{closure:{closure:Illuminate\Pipeline\Pipeline::carry():194}:195}(Object(Illuminate\Http\Request))
#58 C:\Users\Administrator\OneDrive\Documents\code_pr\child-development-program\vendor\laravel\framework\src\Illuminate\Foundation\Http\Middleware\TrimStrings.php(51): Illuminate\Foundation\Http\Middleware\TransformsRequest->handle(Object(Illuminate\Http\Request), Object(Closure))
#59 C:\Users\Administrator\OneDrive\Documents\code_pr\child-development-program\vendor\laravel\framework\src\Illuminate\Pipeline\Pipeline.php(219): Illuminate\Foundation\Http\Middleware\TrimStrings->handle(Object(Illuminate\Http\Request), Object(Closure))
#60 C:\Users\Administrator\OneDrive\Documents\code_pr\child-development-program\vendor\laravel\framework\src\Illuminate\Http\Middleware\ValidatePostSize.php(27): Illuminate\Pipeline\Pipeline->{closure:{closure:Illuminate\Pipeline\Pipeline::carry():194}:195}(Object(Illuminate\Http\Request))
#61 C:\Users\Administrator\OneDrive\Documents\code_pr\child-development-program\vendor\laravel\framework\src\Illuminate\Pipeline\Pipeline.php(219): Illuminate\Http\Middleware\ValidatePostSize->handle(Object(Illuminate\Http\Request), Object(Closure))
#62 C:\Users\Administrator\OneDrive\Documents\code_pr\child-development-program\vendor\laravel\framework\src\Illuminate\Foundation\Http\Middleware\PreventRequestsDuringMaintenance.php(109): Illuminate\Pipeline\Pipeline->{closure:{closure:Illuminate\Pipeline\Pipeline::carry():194}:195}(Object(Illuminate\Http\Request))
#63 C:\Users\Administrator\OneDrive\Documents\code_pr\child-development-program\vendor\laravel\framework\src\Illuminate\Pipeline\Pipeline.php(219): Illuminate\Foundation\Http\Middleware\PreventRequestsDuringMaintenance->handle(Object(Illuminate\Http\Request), Object(Closure))
#64 C:\Users\Administrator\OneDrive\Documents\code_pr\child-development-program\vendor\laravel\framework\src\Illuminate\Http\Middleware\HandleCors.php(61): Illuminate\Pipeline\Pipeline->{closure:{closure:Illuminate\Pipeline\Pipeline::carry():194}:195}(Object(Illuminate\Http\Request))
#65 C:\Users\Administrator\OneDrive\Documents\code_pr\child-development-program\vendor\laravel\framework\src\Illuminate\Pipeline\Pipeline.php(219): Illuminate\Http\Middleware\HandleCors->handle(Object(Illuminate\Http\Request), Object(Closure))
#66 C:\Users\Administrator\OneDrive\Documents\code_pr\child-development-program\vendor\laravel\framework\src\Illuminate\Http\Middleware\TrustProxies.php(58): Illuminate\Pipeline\Pipeline->{closure:{closure:Illuminate\Pipeline\Pipeline::carry():194}:195}(Object(Illuminate\Http\Request))
#67 C:\Users\Administrator\OneDrive\Documents\code_pr\child-development-program\vendor\laravel\framework\src\Illuminate\Pipeline\Pipeline.php(219): Illuminate\Http\Middleware\TrustProxies->handle(Object(Illuminate\Http\Request), Object(Closure))
#68 C:\Users\Administrator\OneDrive\Documents\code_pr\child-development-program\vendor\laravel\framework\src\Illuminate\Foundation\Http\Middleware\InvokeDeferredCallbacks.php(22): Illuminate\Pipeline\Pipeline->{closure:{closure:Illuminate\Pipeline\Pipeline::carry():194}:195}(Object(Illuminate\Http\Request))
#69 C:\Users\Administrator\OneDrive\Documents\code_pr\child-development-program\vendor\laravel\framework\src\Illuminate\Pipeline\Pipeline.php(219): Illuminate\Foundation\Http\Middleware\InvokeDeferredCallbacks->handle(Object(Illuminate\Http\Request), Object(Closure))
#70 C:\Users\Administrator\OneDrive\Documents\code_pr\child-development-program\vendor\laravel\framework\src\Illuminate\Http\Middleware\ValidatePathEncoding.php(26): Illuminate\Pipeline\Pipeline->{closure:{closure:Illuminate\Pipeline\Pipeline::carry():194}:195}(Object(Illuminate\Http\Request))
#71 C:\Users\Administrator\OneDrive\Documents\code_pr\child-development-program\vendor\laravel\framework\src\Illuminate\Pipeline\Pipeline.php(219): Illuminate\Http\Middleware\ValidatePathEncoding->handle(Object(Illuminate\Http\Request), Object(Closure))
#72 C:\Users\Administrator\OneDrive\Documents\code_pr\child-development-program\vendor\laravel\framework\src\Illuminate\Pipeline\Pipeline.php(137): Illuminate\Pipeline\Pipeline->{closure:{closure:Illuminate\Pipeline\Pipeline::carry():194}:195}(Object(Illuminate\Http\Request))
#73 C:\Users\Administrator\OneDrive\Documents\code_pr\child-development-program\vendor\laravel\framework\src\Illuminate\Foundation\Http\Kernel.php(175): Illuminate\Pipeline\Pipeline->then(Object(Closure))
#74 C:\Users\Administrator\OneDrive\Documents\code_pr\child-development-program\vendor\laravel\framework\src\Illuminate\Foundation\Http\Kernel.php(144): Illuminate\Foundation\Http\Kernel->sendRequestThroughRouter(Object(Illuminate\Http\Request))
#75 C:\Users\Administrator\OneDrive\Documents\code_pr\child-development-program\vendor\laravel\framework\src\Illuminate\Foundation\Testing\Concerns\MakesHttpRequests.php(607): Illuminate\Foundation\Http\Kernel->handle(Object(Illuminate\Http\Request))
#76 C:\Users\Administrator\OneDrive\Documents\code_pr\child-development-program\vendor\laravel\framework\src\Illuminate\Foundation\Testing\Concerns\MakesHttpRequests.php(368): Illuminate\Foundation\Testing\TestCase->call('GET', 'http://localhos...', Array, Array, Array, Array)
#77 C:\Users\Administrator\OneDrive\Documents\code_pr\child-development-program\tests\Feature\RmdReportTest.php(47): Illuminate\Foundation\Testing\TestCase->get('http://localhos...')
#78 C:\Users\Administrator\OneDrive\Documents\code_pr\child-development-program\vendor\phpunit\phpunit\src\Framework\TestCase.php(1667): Tests\Feature\RmdReportTest->test_export_pdf_works()
#79 C:\Users\Administrator\OneDrive\Documents\code_pr\child-development-program\vendor\phpunit\phpunit\src\Framework\TestCase.php(519): PHPUnit\Framework\TestCase->runTest()
#80 C:\Users\Administrator\OneDrive\Documents\code_pr\child-development-program\vendor\phpunit\phpunit\src\Framework\TestRunner\TestRunner.php(87): PHPUnit\Framework\TestCase->runBare()
#81 C:\Users\Administrator\OneDrive\Documents\code_pr\child-development-program\vendor\phpunit\phpunit\src\Framework\TestCase.php(365): PHPUnit\Framework\TestRunner->run(Object(Tests\Feature\RmdReportTest))
#82 C:\Users\Administrator\OneDrive\Documents\code_pr\child-development-program\vendor\phpunit\phpunit\src\Framework\TestSuite.php(369): PHPUnit\Framework\TestCase->run()
#83 C:\Users\Administrator\OneDrive\Documents\code_pr\child-development-program\vendor\phpunit\phpunit\src\TextUI\TestRunner.php(64): PHPUnit\Framework\TestSuite->run()
#84 C:\Users\Administrator\OneDrive\Documents\code_pr\child-development-program\vendor\phpunit\phpunit\src\TextUI\Application.php(211): PHPUnit\TextUI\TestRunner->run(Object(PHPUnit\TextUI\Configuration\Configuration), Object(PHPUnit\Runner\ResultCache\DefaultResultCache), Object(PHPUnit\Framework\TestSuite))
#85 C:\Users\Administrator\OneDrive\Documents\code_pr\child-development-program\vendor\phpunit\phpunit\phpunit(104): PHPUnit\TextUI\Application->run(Array)
#86 {main}

----------------------------------------------------------------------------------

SQLSTATE[HY000]: General error: 1 no such column: rmd_socio_emotionals.user_id (Connection: sqlite, Database: :memory:, SQL: select * from "rmd_socio_emotionals" where "rmd_socio_emotionals"."user_id" in (2))

  at tests\Feature\RmdReportTest.php:49
     45Ôûò         User::factory()->create(['role' => 'participant']);
     46Ôûò         
     47Ôûò         $response = $this->actingAs($admin)->get(route('rmd-report.export.pdf'));
     48Ôûò         
  Ô×£  49Ôûò         $response->assertStatus(200);
     50Ôûò         $response->assertHeader('Content-Type', 'application/pdf');
     51Ôûò     }
     52Ôûò }
     53Ôûò


  Tests:    2 failed, 1 passed (14 assertions)
  Duration: 24.63s

